Component: ARM Compiler 5.05 update 1 (build 106) Tool: armlink [4d0efa]

==============================================================================

Section Cross References

    main.o(.text) refers to memseta.o(.text) for __aeabi_memclr4
    main.o(.text) refers to delay.o(.text) for delay_init
    main.o(.text) refers to sys.o(.text) for NVIC_Configuration
    main.o(.text) refers to uart.o(.text) for uart_init2
    main.o(.text) refers to can.o(.text) for CAN_Mode_Init
    main.o(.text) refers to adc.o(.text) for Adc_Init
    main.o(.text) refers to stm32f10x_tim.o(.text) for TIM_GetITStatus
    main.o(.text) refers to uart2.o(.data) for Rxdcnt2
    main.o(.text) refers to uart2.o(.bss) for Rxdbuf2
    system_stm32f10x.o(.text) refers to system_stm32f10x.o(.data) for SystemCoreClock
    led.o(.text) refers to stm32f10x_rcc.o(.text) for RCC_APB2PeriphClockCmd
    led.o(.text) refers to stm32f10x_gpio.o(.text) for GPIO_Init
    key.o(.text) refers to stm32f10x_rcc.o(.text) for RCC_APB2PeriphClockCmd
    key.o(.text) refers to stm32f10x_gpio.o(.text) for GPIO_Init
    key.o(.text) refers to delay.o(.text) for delay_ms
    key.o(.text) refers to key.o(.data) for key_up
    can.o(.text) refers to stm32f10x_rcc.o(.text) for RCC_APB2PeriphClockCmd
    can.o(.text) refers to stm32f10x_gpio.o(.text) for GPIO_Init
    can.o(.text) refers to stm32f10x_can.o(.text) for CAN_Init
    can.o(.text) refers to misc.o(.text) for NVIC_Init
    can.o(.text) refers to adc.o(.text) for Get_Adc_Average
    can.o(.text) refers to uart2.o(.text) for USART_Send_bytes
    can.o(.text) refers to can.o(.data) for my_addr
    can.o(.text) refers to can.o(.bss) for buf_adc_value
    can.o(.text) refers to main.o(.data) for send_rad
    elmo.o(.text) refers to delay.o(.text) for delay_us
    elmo.o(.text) refers to stm32f10x_can.o(.text) for CAN_Transmit
    elmo.o(.text) refers to can.o(.data) for g_Index
    elmo.o(.text) refers to elmo.o(.constdata) for .constdata
    elmo.o(.text) refers to elmo.o(.data) for Elmo_PDOCOBID
    elmo.o(.text) refers to elmo.o(.bss) for elmo
    elmo.o(.text) refers to fmul.o(.text) for __aeabi_fmul
    elmo.o(.text) refers to ffixi.o(.text) for __aeabi_f2iz
    elmo.o(.text) refers to memcpya.o(.text) for __aeabi_memcpy4
    elmo.o(.text) refers to fflti.o(.text) for __aeabi_i2f
    elmo.o(.text) refers to memseta.o(.text) for __aeabi_memclr4
    elmo.o(.text) refers to can.o(.text) for CAN_Mode_Init
    uart.o(.text) refers to stm32f10x_rcc.o(.text) for RCC_APB2PeriphClockCmd
    uart.o(.text) refers to stm32f10x_usart.o(.text) for USART_DeInit
    uart.o(.text) refers to stm32f10x_gpio.o(.text) for GPIO_Init
    uart.o(.text) refers to misc.o(.text) for NVIC_Init
    uart.o(.text) refers to elmo.o(.text) for Elmo_QuickStop
    uart.o(.text) refers to delay.o(.text) for delay_ms
    uart.o(.text) refers to printf1.o(i.__0printf$1) for __2printf
    uart.o(.text) refers to uart.o(.data) for Rxdcnt
    uart.o(.text) refers to uart.o(.bss) for Rxdbuf
    uart.o(.text) refers to main.o(.data) for enable_driver
    uart.o(.text) refers to elmo.o(.bss) for elmo
    uart.o(.text) refers to elmo.o(.data) for sport_mode
    time.o(.text) refers to misc.o(.text) for NVIC_Init
    time.o(.text) refers to stm32f10x_rcc.o(.text) for RCC_APB1PeriphClockCmd
    time.o(.text) refers to stm32f10x_tim.o(.text) for TIM_TimeBaseInit
    adc.o(.text) refers to stm32f10x_rcc.o(.text) for RCC_APB2PeriphClockCmd
    adc.o(.text) refers to stm32f10x_gpio.o(.text) for GPIO_Init
    adc.o(.text) refers to stm32f10x_adc.o(.text) for ADC_DeInit
    adc.o(.text) refers to delay.o(.text) for delay_us
    uart2.o(.text) refers to stm32f10x_rcc.o(.text) for RCC_APB1PeriphClockCmd
    uart2.o(.text) refers to stm32f10x_usart.o(.text) for USART_DeInit
    uart2.o(.text) refers to stm32f10x_gpio.o(.text) for GPIO_Init
    uart2.o(.text) refers to misc.o(.text) for NVIC_Init
    uart2.o(.text) refers to uart2.o(.data) for stata_reg
    uart2.o(.text) refers to uart2.o(.bss) for data5_buf
    uart2.o(.text) refers to main.o(.data) for send_rad
    delay.o(.text) refers to misc.o(.text) for SysTick_CLKSourceConfig
    delay.o(.text) refers to system_stm32f10x.o(.data) for SystemCoreClock
    delay.o(.text) refers to delay.o(.data) for fac_us
    sys.o(.text) refers to misc.o(.text) for NVIC_PriorityGroupConfig
    usart.o(.text) refers to stm32f10x_rcc.o(.text) for RCC_APB2PeriphClockCmd
    usart.o(.text) refers to stm32f10x_usart.o(.text) for USART_DeInit
    usart.o(.text) refers to stm32f10x_gpio.o(.text) for GPIO_Init
    usart.o(.text) refers to misc.o(.text) for NVIC_Init
    startup_stm32f10x_hd.o(RESET) refers to startup_stm32f10x_hd.o(STACK) for __initial_sp
    startup_stm32f10x_hd.o(RESET) refers to startup_stm32f10x_hd.o(.text) for Reset_Handler
    startup_stm32f10x_hd.o(RESET) refers to stm32f10x_it.o(.text) for NMI_Handler
    startup_stm32f10x_hd.o(RESET) refers to can.o(.text) for USB_LP_CAN1_RX0_IRQHandler
[...]
    printf0.o(i.__0fprintf$0) refers to printf0.o(i._printf_core) for _printf_core
    printf0.o(i.__0fprintf$0) refers to usart.o(.text) for fputc
    printf0.o(i.__0printf$0) refers to printf0.o(i._printf_core) for _printf_core
    printf0.o(i.__0printf$0) refers to usart.o(.text) for fputc
    printf0.o(i.__0printf$0) refers to usart.o(.data) for __stdout
    printf0.o(i.__0snprintf$0) refers to printf0.o(i._printf_core) for _printf_core
    printf0.o(i.__0snprintf$0) refers to printf0.o(i._snputc) for _snputc
    printf0.o(i.__0sprintf$0) refers to printf0.o(i._printf_core) for _printf_core
    printf0.o(i.__0sprintf$0) refers to printf0.o(i._sputc) for _sputc
    printf0.o(i.__0vfprintf$0) refers to printf0.o(i._printf_core) for _printf_core
    printf0.o(i.__0vfprintf$0) refers to usart.o(.text) for fputc
    printf0.o(i.__0vprintf$0) refers to printf0.o(i._printf_core) for _printf_core
    printf0.o(i.__0vprintf$0) refers to usart.o(.text) for fputc
    printf0.o(i.__0vprintf$0) refers to usart.o(.data) for __stdout
    printf0.o(i.__0vsnprintf$0) refers to printf0.o(i._printf_core) for _printf_core
    printf0.o(i.__0vsnprintf$0) refers to printf0.o(i._snputc) for _snputc
    printf0.o(i.__0vsprintf$0) refers to printf0.o(i._printf_core) for _printf_core
    printf0.o(i.__0vsprintf$0) refers to printf0.o(i._sputc) for _sputc
    printf1.o(i.__0fprintf$1) refers to printf1.o(i._printf_core) for _printf_core
    printf1.o(i.__0fprintf$1) refers to usart.o(.text) for fputc
    printf1.o(i.__0printf$1) refers to printf1.o(i._printf_core) for _printf_core
    printf1.o(i.__0printf$1) refers to usart.o(.text) for fputc
    printf1.o(i.__0printf$1) refers to usart.o(.data) for __stdout
    printf1.o(i.__0snprintf$1) refers to printf1.o(i._printf_core) for _printf_core
    printf1.o(i.__0snprintf$1) refers to printf1.o(i._snputc) for _snputc
    printf1.o(i.__0sprintf$1) refers to printf1.o(i._printf_core) for _printf_core
    printf1.o(i.__0sprintf$1) refers to printf1.o(i._sputc) for _sputc
    printf1.o(i.__0vfprintf$1) refers to printf1.o(i._printf_core) for _printf_core
    printf1.o(i.__0vfprintf$1) refers to usart.o(.text) for fputc
    printf1.o(i.__0vprintf$1) refers to printf1.o(i._printf_core) for _printf_core
    printf1.o(i.__0vprintf$1) refers to usart.o(.text) for fputc
    printf1.o(i.__0vprintf$1) refers to usart.o(.data) for __stdout
    printf1.o(i.__0vsnprintf$1) refers to printf1.o(i._printf_core) for _printf_core
    printf1.o(i.__0vsnprintf$1) refers to printf1.o(i._snputc) for _snputc
    printf1.o(i.__0vsprintf$1) refers to printf1.o(i._printf_core) for _printf_core
    printf1.o(i.__0vsprintf$1) refers to printf1.o(i._sputc) for _sputc
    printf1.o(i._printf_core) refers to uidiv.o(.text) for __aeabi_uidivmod
    printf2.o(i.__0fprintf$2) refers to printf2.o(i._printf_core) for _printf_core
    printf2.o(i.__0fprintf$2) refers to usart.o(.text) for fputc
    printf2.o(i.__0printf$2) refers to printf2.o(i._printf_core) for _printf_core
    printf2.o(i.__0printf$2) refers to usart.o(.text) for fputc
    printf2.o(i.__0printf$2) refers to usart.o(.data) for __stdout
    printf2.o(i.__0snprintf$2) refers to printf2.o(i._printf_core) for _printf_core
    printf2.o(i.__0snprintf$2) refers to printf2.o(i._snputc) for _snputc
    printf2.o(i.__0sprintf$2) refers to printf2.o(i._printf_core) for _printf_core
    printf2.o(i.__0sprintf$2) refers to printf2.o(i._sputc) for _sputc
    printf2.o(i.__0vfprintf$2) refers to printf2.o(i._printf_core) for _printf_core
    printf2.o(i.__0vfprintf$2) refers to usart.o(.text) for fputc
    printf2.o(i.__0vprintf$2) refers to printf2.o(i._printf_core) for _printf_core
    printf2.o(i.__0vprintf$2) refers to usart.o(.text) for fputc
    printf2.o(i.__0vprintf$2) refers to usart.o(.data) for __stdout
    printf2.o(i.__0vsnprintf$2) refers to printf2.o(i._printf_core) for _printf_core
    printf2.o(i.__0vsnprintf$2) refers to printf2.o(i._snputc) for _snputc
    printf2.o(i.__0vsprintf$2) refers to printf2.o(i._printf_core) for _printf_core
    printf2.o(i.__0vsprintf$2) refers to printf2.o(i._sputc) for _sputc
    printf3.o(i.__0fprintf$3) refers to printf3.o(i._printf_core) for _printf_core
    printf3.o(i.__0fprintf$3) refers to usart.o(.text) for fputc
    printf3.o(i.__0printf$3) refers to printf3.o(i._printf_core) for _printf_core
    printf3.o(i.__0printf$3) refers to usart.o(.text) for fputc
    printf3.o(i.__0printf$3) refers to usart.o(.data) for __stdout
    printf3.o(i.__0snprintf$3) refers to printf3.o(i._printf_core) for _printf_core
    printf3.o(i.__0snprintf$3) refers to printf3.o(i._snputc) for _snputc
    printf3.o(i.__0sprintf$3) refers to printf3.o(i._printf_core) for _printf_core
    printf3.o(i.__0sprintf$3) refers to printf3.o(i._sputc) for _sputc
    printf3.o(i.__0vfprintf$3) refers to printf3.o(i._printf_core) for _printf_core
    printf3.o(i.__0vfprintf$3) refers to usart.o(.text) for fputc
    printf3.o(i.__0vprintf$3) refers to printf3.o(i._printf_core) for _printf_core
    printf3.o(i.__0vprintf$3) refers to usart.o(.text) for fputc
    printf3.o(i.__0vprintf$3) refers to usart.o(.data) for __stdout
    printf3.o(i.__0vsnprintf$3) refers to printf3.o(i._printf_core) for _printf_core
    printf3.o(i.__0vsnprintf$3) refers to printf3.o(i._snputc) for _snputc
    printf3.o(i.__0vsprintf$3) refers to printf3.o(i._printf_core) for _printf_core
    printf3.o(i.__0vsprintf$3) refers to printf3.o(i._sputc) for _sputc
    printf3.o(i._printf_core) refers to uidiv.o(.text) for __aeabi_uidivmod
    printf4.o(i.__0fprintf$4) refers to printf4.o(i._printf_core) for _printf_core
    printf4.o(i.__0fprintf$4) refers to usart.o(.text) for fputc
    printf4.o(i.__0printf$4) refers to printf4.o(i._printf_core) for _printf_core
    printf4.o(i.__0printf$4) refers to usart.o(.text) for fputc
    printf4.o(i.__0printf$4) refers to usart.o(.data) for __stdout
    printf4.o(i.__0snprintf$4) refers to printf4.o(i._printf_core) for _printf_core
    printf4.o(i.__0snprintf$4) refers to printf4.o(i._snputc) for _snputc
    printf4.o(i.__0sprintf$4) refers to printf4.o(i._printf_core) for _printf_core
    printf4.o(i.__0sprintf$4) refers to printf4.o(i._sputc) for _sputc
    printf4.o(i.__0vfprintf$4) refers to printf4.o(i._printf_core) for _printf_core
    printf4.o(i.__0vfprintf$4) refers to usart.o(.text) for fputc
    printf4.o(i.__0vprintf$4) refers to printf4.o(i._printf_core) for _printf_core
    printf4.o(i.__0vprintf$4) refers to usart.o(.text) for fputc
    printf4.o(i.__0vprintf$4) refers to usart.o(.data) for __stdout
    printf4.o(i.__0vsnprintf$4) refers to printf4.o(i._printf_core) for _printf_core
    printf4.o(i.__0vsnprintf$4) refers to printf4.o(i._snputc) for _snputc
    printf4.o(i.__0vsprintf$4) refers to printf4.o(i._printf_core) for _printf_core
    printf4.o(i.__0vsprintf$4) refers to printf4.o(i._sputc) for _sputc
    printf4.o(i._printf_core) refers to uldiv.o(.text) for __aeabi_uldivmod
    printf5.o(i.__0fprintf$5) refers to printf5.o(i._printf_core) for _printf_core
    printf5.o(i.__0fprintf$5) refers to usart.o(.text) for fputc
    printf5.o(i.__0printf$5) refers to printf5.o(i._printf_core) for _printf_core
    printf5.o(i.__0printf$5) refers to usart.o(.text) for fputc
    printf5.o(i.__0printf$5) refers to usart.o(.data) for __stdout
    printf5.o(i.__0snprintf$5) refers to printf5.o(i._printf_core) for _printf_core
    printf5.o(i.__0snprintf$5) refers to printf5.o(i._snputc) for _snputc
    printf5.o(i.__0sprintf$5) refers to printf5.o(i._printf_core) for _printf_core
    printf5.o(i.__0sprintf$5) refers to printf5.o(i._sputc) for _sputc
    printf5.o(i.__0vfprintf$5) refers to printf5.o(i._printf_core) for _printf_core
    printf5.o(i.__0vfprintf$5) refers to usart.o(.text) for fputc
    printf5.o(i.__0vprintf$5) refers to printf5.o(i._printf_core) for _printf_core
    printf5.o(i.__0vprintf$5) refers to usart.o(.text) for fputc
    printf5.o(i.__0vprintf$5) refers to usart.o(.data) for __stdout
    printf5.o(i.__0vsnprintf$5) refers to printf5.o(i._printf_core) for _printf_core
    printf5.o(i.__0vsnprintf$5) refers to printf5.o(i._snputc) for _snputc
    printf5.o(i.__0vsprintf$5) refers to printf5.o(i._printf_core) for _printf_core
    printf5.o(i.__0vsprintf$5) refers to printf5.o(i._sputc) for _sputc
    printf5.o(i._printf_core) refers to uldiv.o(.text) for __aeabi_uldivmod
    printf6.o(i.__0fprintf$6) refers to printf6.o(i._printf_core) for _printf_core
    printf6.o(i.__0fprintf$6) refers to usart.o(.text) for fputc
    printf6.o(i.__0printf$6) refers to printf6.o(i._printf_core) for _printf_core
    printf6.o(i.__0printf$6) refers to usart.o(.text) for fputc
    printf6.o(i.__0printf$6) refers to usart.o(.data) for __stdout
    printf6.o(i.__0snprintf$6) refers to printf6.o(i._printf_core) for _printf_core
    printf6.o(i.__0snprintf$6) refers to printf6.o(i._snputc) for _snputc
    printf6.o(i.__0sprintf$6) refers to printf6.o(i._printf_core) for _printf_core
    printf6.o(i.__0sprintf$6) refers to printf6.o(i._sputc) for _sputc
    printf6.o(i.__0vfprintf$6) refers to printf6.o(i._printf_core) for _printf_core
    printf6.o(i.__0vfprintf$6) refers to usart.o(.text) for fputc
    printf6.o(i.__0vprintf$6) refers to printf6.o(i._printf_core) for _printf_core
    printf6.o(i.__0vprintf$6) refers to usart.o(.text) for fputc
    printf6.o(i.__0vprintf$6) refers to usart.o(.data) for __stdout
    printf6.o(i.__0vsnprintf$6) refers to printf6.o(i._printf_core) for _printf_core
    printf6.o(i.__0vsnprintf$6) refers to printf6.o(i._snputc) for _snputc
    printf6.o(i.__0vsprintf$6) refers to printf6.o(i._printf_core) for _printf_core
    printf6.o(i.__0vsprintf$6) refers to printf6.o(i._sputc) for _sputc
    printf6.o(i._printf_core) refers to printf6.o(i._printf_pre_padding) for _printf_pre_padding
    printf6.o(i._printf_core) refers to uidiv.o(.text) for __aeabi_uidivmod
    printf6.o(i._printf_core) refers to printf6.o(i._printf_post_padding) for _printf_post_padding
    printf7.o(i.__0fprintf$7) refers to printf7.o(i._printf_core) for _printf_core
    printf7.o(i.__0fprintf$7) refers to usart.o(.text) for fputc
    printf7.o(i.__0printf$7) refers to printf7.o(i._printf_core) for _printf_core
    printf7.o(i.__0printf$7) refers to usart.o(.text) for fputc
    printf7.o(i.__0printf$7) refers to usart.o(.data) for __stdout
    printf7.o(i.__0snprintf$7) refers to printf7.o(i._printf_core) for _printf_core
    printf7.o(i.__0snprintf$7) refers to printf7.o(i._snputc) for _snputc
    printf7.o(i.__0sprintf$7) refers to printf7.o(i._printf_core) for _printf_core
    printf7.o(i.__0sprintf$7) refers to printf7.o(i._sputc) for _sputc
    printf7.o(i.__0vfprintf$7) refers to printf7.o(i._printf_core) for _printf_core
    printf7.o(i.__0vfprintf$7) refers to usart.o(.text) for fputc
    printf7.o(i.__0vprintf$7) refers to printf7.o(i._printf_core) for _printf_core
    printf7.o(i.__0vprintf$7) refers to usart.o(.text) for fputc
    printf7.o(i.__0vprintf$7) refers to usart.o(.data) for __stdout
    printf7.o(i.__0vsnprintf$7) refers to printf7.o(i._printf_core) for _printf_core
    printf7.o(i.__0vsnprintf$7) refers to printf7.o(i._snputc) for _snputc
    printf7.o(i.__0vsprintf$7) refers to printf7.o(i._printf_core) for _printf_core
    printf7.o(i.__0vsprintf$7) refers to printf7.o(i._sputc) for _sputc
    printf7.o(i._printf_core) refers to printf7.o(i._printf_pre_padding) for _printf_pre_padding
    printf7.o(i._printf_core) refers to uldiv.o(.text) for __aeabi_uldivmod
    printf7.o(i._printf_core) refers to printf7.o(i._printf_post_padding) for _printf_post_padding
    printf8.o(i.__0fprintf$8) refers to printf8.o(i._printf_core) for _printf_core
    printf8.o(i.__0fprintf$8) refers to usart.o(.text) for fputc
    printf8.o(i.__0printf$8) refers to printf8.o(i._printf_core) for _printf_core
    printf8.o(i.__0printf$8) refers to usart.o(.text) for fputc
    printf8.o(i.__0printf$8) refers to usart.o(.data) for __stdout
    printf8.o(i.__0snprintf$8) refers to printf8.o(i._printf_core) for _printf_core
    printf8.o(i.__0snprintf$8) refers to printf8.o(i._snputc) for _snputc
    printf8.o(i.__0sprintf$8) refers to printf8.o(i._printf_core) for _printf_core
    printf8.o(i.__0sprintf$8) refers to printf8.o(i._sputc) for _sputc
    printf8.o(i.__0vfprintf$8) refers to printf8.o(i._printf_core) for _printf_core
    printf8.o(i.__0vfprintf$8) refers to usart.o(.text) for fputc
    printf8.o(i.__0vprintf$8) refers to printf8.o(i._printf_core) for _printf_core
    printf8.o(i.__0vprintf$8) refers to usart.o(.text) for fputc
    printf8.o(i.__0vprintf$8) refers to usart.o(.data) for __stdout
    printf8.o(i.__0vsnprintf$8) refers to printf8.o(i._printf_core) for _printf_core
    printf8.o(i.__0vsnprintf$8) refers to printf8.o(i._snputc) for _snputc
    printf8.o(i.__0vsprintf$8) refers to printf8.o(i._printf_core) for _printf_core
    printf8.o(i.__0vsprintf$8) refers to printf8.o(i._sputc) for _sputc
    printf8.o(i._printf_core) refers to printf8.o(i._printf_pre_padding) for _printf_pre_padding
    printf8.o(i._printf_core) refers to uldiv.o(.text) for __aeabi_uldivmod
    printf8.o(i._printf_core) refers to printf8.o(i._printf_post_padding) for _printf_post_padding
    printfa.o(i.__0fprintf) refers (Special) to iusefp.o(.text) for __I$use$fp
    printfa.o(i.__0fprintf) refers to printfa.o(i._printf_core) for _printf_core
    printfa.o(i.__0fprintf) refers to usart.o(.text) for fputc
    printfa.o(i.__0printf) refers (Special) to iusefp.o(.text) for __I$use$fp
    printfa.o(i.__0printf) refers to printfa.o(i._printf_core) for _printf_core
    printfa.o(i.__0printf) refers to usart.o(.text) for fputc
    printfa.o(i.__0printf) refers to usart.o(.data) for __stdout
    printfa.o(i.__0snprintf) refers (Special) to iusefp.o(.text) for __I$use$fp
    printfa.o(i.__0snprintf) refers to printfa.o(i._printf_core) for _printf_core
    printfa.o(i.__0snprintf) refers to printfa.o(i._snputc) for _snputc
    printfa.o(i.__0sprintf) refers (Special) to iusefp.o(.text) for __I$use$fp
    printfa.o(i.__0sprintf) refers to printfa.o(i._printf_core) for _printf_core
    printfa.o(i.__0sprintf) refers to printfa.o(i._sputc) for _sputc
    printfa.o(i.__0vfprintf) refers (Special) to iusefp.o(.text) for __I$use$fp
    printfa.o(i.__0vfprintf) refers to printfa.o(i._printf_core) for _printf_core
    printfa.o(i.__0vfprintf) refers to usart.o(.text) for fputc
    printfa.o(i.__0vprintf) refers (Special) to iusefp.o(.text) for __I$use$fp
    printfa.o(i.__0vprintf) refers to printfa.o(i._printf_core) for _printf_core
    printfa.o(i.__0vprintf) refers to usart.o(.text) for fputc
    printfa.o(i.__0vprintf) refers to usart.o(.data) for __stdout
    printfa.o(i.__0vsnprintf) refers (Special) to iusefp.o(.text) for __I$use$fp
    printfa.o(i.__0vsnprintf) refers to printfa.o(i._printf_core) for _printf_core
    printfa.o(i.__0vsnprintf) refers to printfa.o(i._snputc) for _snputc
    printfa.o(i.__0vsprintf) refers (Special) to iusefp.o(.text) for __I$use$fp
    printfa.o(i.__0vsprintf) refers to printfa.o(i._printf_core) for _printf_core
    printfa.o(i.__0vsprintf) refers to printfa.o(i._sputc) for _sputc
    printfa.o(i._fp_digits) refers (Special) to iusefp.o(.text) for __I$use$fp
    printfa.o(i._fp_digits) refers to dmul.o(.text) for __aeabi_dmul
    printfa.o(i._fp_digits) refers to ddiv.o(.text) for __aeabi_ddiv
    printfa.o(i._fp_digits) refers to cdrcmple.o(.text) for __aeabi_cdrcmple
    printfa.o(i._fp_digits) refers to dadd.o(.text) for __aeabi_dadd
    printfa.o(i._fp_digits) refers to dfixul.o(.text) for __aeabi_d2ulz
    printfa.o(i._fp_digits) refers to uldiv.o(.text) for __aeabi_uldivmod
    printfa.o(i._printf_core) refers (Special) to iusefp.o(.text) for __I$use$fp
    printfa.o(i._printf_core) refers to printfa.o(i._printf_pre_padding) for _printf_pre_padding
    printfa.o(i._printf_core) refers to uldiv.o(.text) for __aeabi_uldivmod
    printfa.o(i._printf_core) refers to printfa.o(i._printf_post_padding) for _printf_post_padding
    printfa.o(i._printf_core) refers to printfa.o(i._fp_digits) for _fp_digits
    printfa.o(i._printf_core) refers to uidiv.o(.text) for __aeabi_uidivmod
    printfa.o(i._printf_post_padding) refers (Special) to iusefp.o(.text) for __I$use$fp
    printfa.o(i._printf_pre_padding) refers (Special) to iusefp.o(.text) for __I$use$fp
    printfa.o(i._snputc) refers (Special) to iusefp.o(.text) for __I$use$fp
    printfa.o(i._sputc) refers (Special) to iusefp.o(.text) for __I$use$fp
    fmul.o(.text) refers (Special) to iusefp.o(.text) for __I$use$fp
    fflti.o(.text) refers (Special) to iusefp.o(.text) for __I$use$fp
    fflti.o(.text) refers to fepilogue.o(.text) for _float_epilogue
    ffixi.o(.text) refers (Special) to iusefp.o(.text) for __I$use$fp
    entry2.o(.ARM.Collect$$$$00000001) refers to entry2.o(.ARM.Collect$$$$00002712) for __lit__00000000
    entry2.o(.ARM.Collect$$$$00002712) refers to startup_stm32f10x_hd.o(STACK) for __initial_sp
    entry2.o(__vectab_stack_and_reset_area) refers to startup_stm32f10x_hd.o(STACK) for __initial_sp
    entry2.o(__vectab_stack_and_reset_area) refers to entry.o(.ARM.Collect$$$$00000000) for __main
    entry5.o(.ARM.Collect$$$$00000004) refers to init.o(.text) for __scatterload
    entry9a.o(.ARM.Collect$$$$0000000B) refers to main.o(.text) for main
    entry9b.o(.ARM.Collect$$$$0000000C) refers to main.o(.text) for main
    uldiv.o(.text) refers to llushr.o(.text) for __aeabi_llsr
    uldiv.o(.text) refers to llshl.o(.text) for __aeabi_llsl
    dadd.o(.text) refers to llshl.o(.text) for __aeabi_llsl
    dadd.o(.text) refers to llsshr.o(.text) for __aeabi_lasr
    dadd.o(.text) refers to depilogue.o(.text) for _double_epilogue
    dmul.o(.text) refers to depilogue.o(.text) for _double_epilogue
    ddiv.o(.text) refers to depilogue.o(.text) for _double_round
    dfixul.o(.text) refers to llushr.o(.text) for __aeabi_llsr
    dfixul.o(.text) refers to llshl.o(.text) for __aeabi_llsl
    init.o(.text) refers to entry5.o(.ARM.Collect$$$$00000004) for __main_after_scatterload
    depilogue.o(.text) refers to llshl.o(.text) for __aeabi_llsl
    depilogue.o(.text) refers to llushr.o(.text) for __aeabi_llsr


==============================================================================

Removing Unused input sections from the image.

    Removing main.o(.bss), (52 bytes).
    Removing led.o(.text), (76 bytes).
    Removing key.o(.text), (252 bytes).
    Removing key.o(.data), (1 bytes).
    Removing time.o(.text), (100 bytes).
    Removing usart.o(.bss), (200 bytes).
    Removing core_cm3.o(.emb_text), (32 bytes).
    Removing startup_stm32f10x_hd.o(HEAP), (512 bytes).
    Removing dadd.o(.text), (334 bytes).
    Removing dmul.o(.text), (228 bytes).
    Removing ddiv.o(.text), (222 bytes).
    Removing dfixul.o(.text), (48 bytes).
    Removing cdrcmple.o(.text), (48 bytes).
    Removing depilogue.o(.text), (186 bytes).

14 unused section(s) (total 2291 bytes) removed from the image.

==============================================================================

Image Symbol Table

    Local Symbols

    Symbol Name                              Value     Ov Type        Size  Object(Section)

    ../clib/microlib/division.c              0x00000000   Number         0  uidiv.o ABSOLUTE
    ../clib/microlib/division.c              0x00000000   Number         0  uldiv.o ABSOLUTE
    ../clib/microlib/init/entry.s            0x00000000   Number         0  entry9b.o ABSOLUTE
    ../clib/microlib/init/entry.s            0x00000000   Number         0  entry.o ABSOLUTE
    ../clib/microlib/init/entry.s            0x00000000   Number         0  entry10a.o ABSOLUTE
    ../clib/microlib/init/entry.s            0x00000000   Number         0  entry10b.o ABSOLUTE
    ../clib/microlib/init/entry.s            0x00000000   Number         0  entry7a.o ABSOLUTE
    ../clib/microlib/init/entry.s            0x00000000   Number         0  entry7b.o ABSOLUTE
    ../clib/microlib/init/entry.s            0x00000000   Number         0  entry11b.o ABSOLUTE
    ../clib/microlib/init/entry.s            0x00000000   Number         0  entry11a.o ABSOLUTE
    ../clib/microlib/init/entry.s            0x00000000   Number         0  entry9a.o ABSOLUTE
    ../clib/microlib/init/entry.s            0x00000000   Number         0  entry8b.o ABSOLUTE
    ../clib/microlib/init/entry.s            0x00000000   Number         0  entry8a.o ABSOLUTE
    ../clib/microlib/init/entry.s            0x00000000   Number         0  entry5.o ABSOLUTE
    ../clib/microlib/init/entry.s            0x00000000   Number         0  entry2.o ABSOLUTE
    ../clib/microlib/longlong.c              0x00000000   Number         0  llshl.o ABSOLUTE
    ../clib/microlib/longlong.c              0x00000000   Number         0  llushr.o ABSOLUTE
    ../clib/microlib/longlong.c              0x00000000   Number         0  llsshr.o ABSOLUTE
    ../clib/microlib/printf/printf.c         0x00000000   Number         0  printf4.o ABSOLUTE
    ../clib/microlib/printf/printf.c         0x00000000   Number         0  printf2.o ABSOLUTE
    ../clib/microlib/printf/printf.c         0x00000000   Number         0  printf1.o ABSOLUTE
    ../clib/microlib/printf/printf.c         0x00000000   Number         0  printf0.o ABSOLUTE
    ../clib/microlib/printf/printf.c         0x00000000   Number         0  printfb.o ABSOLUTE
    ../clib/microlib/printf/printf.c         0x00000000   Number         0  printfa.o ABSOLUTE
    ../clib/microlib/printf/printf.c         0x00000000   Number         0  printf3.o ABSOLUTE
    ../clib/microlib/printf/printf.c         0x00000000   Number         0  printf8.o ABSOLUTE
    ../clib/microlib/printf/printf.c         0x00000000   Number         0  printf7.o ABSOLUTE
    ../clib/microlib/printf/printf.c         0x00000000   Number         0  printf6.o ABSOLUTE
    ../clib/microlib/printf/printf.c         0x00000000   Number         0  printf5.o ABSOLUTE
    ../clib/microlib/printf/stubs.s          0x00000000   Number         0  stubs.o ABSOLUTE
    ../clib/microlib/string/memcpy.c         0x00000000   Number         0  memcpya.o ABSOLUTE
    ../clib/microlib/string/memcpy.c         0x00000000   Number         0  memcpyb.o ABSOLUTE
    ../clib/microlib/string/memset.c         0x00000000   Number         0  memseta.o ABSOLUTE
    ../clib/microlib/stubs.s                 0x00000000   Number         0  useno.o ABSOLUTE
    ../clib/microlib/stubs.s                 0x00000000   Number         0  iusefp.o ABSOLUTE
    ../fplib/microlib/fpadd.c                0x00000000   Number         0  dadd.o ABSOLUTE
    ../fplib/microlib/fpdiv.c                0x00000000   Number         0  ddiv.o ABSOLUTE
    ../fplib/microlib/fpepilogue.c           0x00000000   Number         0  fepilogue.o ABSOLUTE
    ../fplib/microlib/fpepilogue.c           0x00000000   Number         0  depilogue.o ABSOLUTE
    ../fplib/microlib/fpfix.c                0x00000000   Number         0  dfixul.o ABSOLUTE
    ../fplib/microlib/fpfix.c                0x00000000   Number         0  ffixi.o ABSOLUTE
    ../fplib/microlib/fpflt.c                0x00000000   Number         0  fflti.o ABSOLUTE
    ../fplib/microlib/fpmul.c                0x00000000   Number         0  fmul.o ABSOLUTE
    ../fplib/microlib/fpmul.c                0x00000000   Number         0  dmul.o ABSOLUTE
    ..\CORE\core_cm3.c                       0x00000000   Number         0  core_cm3.o ABSOLUTE
    ..\CORE\startup_stm32f10x_hd.s           0x00000000   Number         0  startup_stm32f10x_hd.o ABSOLUTE
    ..\HARDWARE\ADC\adc.c                    0x00000000   Number         0  adc.o ABSOLUTE
    ..\HARDWARE\CAN\can.c                    0x00000000   Number         0  can.o ABSOLUTE
    ..\HARDWARE\ELMO.c                       0x00000000   Number         0  elmo.o ABSOLUTE
    ..\HARDWARE\KEY\key.c                    0x00000000   Number         0  key.o ABSOLUTE
    ..\HARDWARE\LED\led.c                    0x00000000   Number         0  led.o ABSOLUTE
    ..\HARDWARE\time.c                       0x00000000   Number         0  time.o ABSOLUTE
    ..\HARDWARE\uart.c                       0x00000000   Number         0  uart.o ABSOLUTE
    ..\HARDWARE\uart2.c                      0x00000000   Number         0  uart2.o ABSOLUTE
    ..\STM32F10x_FWLib\src\misc.c            0x00000000   Number         0  misc.o ABSOLUTE
    ..\STM32F10x_FWLib\src\stm32f10x_adc.c   0x00000000   Number         0  stm32f10x_adc.o ABSOLUTE
    ..\STM32F10x_FWLib\src\stm32f10x_can.c   0x00000000   Number         0  stm32f10x_can.o ABSOLUTE
    ..\STM32F10x_FWLib\src\stm32f10x_gpio.c  0x00000000   Number         0  stm32f10x_gpio.o ABSOLUTE
    ..\STM32F10x_FWLib\src\stm32f10x_rcc.c   0x00000000   Number         0  stm32f10x_rcc.o ABSOLUTE
    ..\STM32F10x_FWLib\src\stm32f10x_tim.c   0x00000000   Number         0  stm32f10x_tim.o ABSOLUTE
    ..\STM32F10x_FWLib\src\stm32f10x_usart.c 0x00000000   Number         0  stm32f10x_usart.o ABSOLUTE
    ..\SYSTEM\delay\delay.c                  0x00000000   Number         0  delay.o ABSOLUTE
    ..\SYSTEM\sys\sys.c                      0x00000000   Number         0  sys.o ABSOLUTE
    ..\SYSTEM\usart\usart.c                  0x00000000   Number         0  usart.o ABSOLUTE
    ..\\CORE\\core_cm3.c                     0x00000000   Number         0  core_cm3.o ABSOLUTE
    cdrcmple.s                               0x00000000   Number         0  cdrcmple.o ABSOLUTE
    dc.s                                     0x00000000   Number         0  dc.o ABSOLUTE
    handlers.s                               0x00000000   Number         0  handlers.o ABSOLUTE
    init.s                                   0x00000000   Number         0  init.o ABSOLUTE
    main.c                                   0x00000000   Number         0  main.o ABSOLUTE
    stm32f10x_it.c                           0x00000000   Number         0  stm32f10x_it.o ABSOLUTE
    strtol.cpp                               0x00000000   Number         0  strtol.o ABSOLUTE
    system_stm32f10x.c                       0x00000000   Number         0  system_stm32f10x.o ABSOLUTE
    RESET                                    0x08000000   Section      304  startup_stm32f10x_hd.o(RESET)
    .ARM.Collect$$$$00000000                 0x08000130   Section        0  entry.o(.ARM.Collect$$$$00000000)
    .ARM.Collect$$$$00000001                 0x08000130   Section        4  entry2.o(.ARM.Collect$$$$00000001)
    .ARM.Collect$$$$00000004                 0x08000134   Section        4  entry5.o(.ARM.Collect$$$$00000004)
    .ARM.Collect$$$$00000008                 0x08000138   Section        0  entry7b.o(.ARM.Collect$$$$00000008)
    .ARM.Collect$$$$0000000A                 0x08000138   Section        0  entry8b.o(.ARM.Collect$$$$0000000A)
    .ARM.Collect$$$$0000000B                 0x08000138   Section        8  entry9a.o(.ARM.Collect$$$$0000000B)
    .ARM.Collect$$$$0000000D                 0x08000140   Section        0  entry10a.o(.ARM.Collect$$$$0000000D)
    .ARM.Collect$$$$0000000F                 0x08000140   Section        0  entry11a.o(.ARM.Collect$$$$0000000F)
    .ARM.Collect$$$$00002712                 0x08000140   Section        4  entry2.o(.ARM.Collect$$$$00002712)
    __lit__00000000                          0x08000140   Data           4  entry2.o(.ARM.Collect$$$$00002712)
    .text                                    0x08000144   Section        0  main.o(.text)
    .text                                    0x08000214   Section        0  stm32f10x_it.o(.text)
    .text                                    0x08000230   Section        0  system_stm32f10x.o(.text)
    SetSysClockTo72                          0x08000231   Thumb Code   214  system_stm32f10x.o(.text)
    SetSysClock                              0x08000307   Thumb Code     8  system_stm32f10x.o(.text)
    .text                                    0x08000410   Section        0  can.o(.text)
    .text                                    0x080008b0   Section        0  elmo.o(.text)
    .text                                    0x080018d0   Section        0  uart.o(.text)
    .text                                    0x08001d60   Section        0  adc.o(.text)
    .text                                    0x08001e80   Section        0  uart2.o(.text)
    .text                                    0x08002224   Section        0  delay.o(.text)
    .text                                    0x080022f8   Section        0  sys.o(.text)
    .text                                    0x08002304   Section        0  usart.o(.text)
    .text                                    0x080023cc   Section       36  startup_stm32f10x_hd.o(.text)
    .text                                    0x080023f0   Section        0  misc.o(.text)
    .text                                    0x080024cc   Section        0  stm32f10x_gpio.o(.text)
    .text                                    0x08002828   Section        0  stm32f10x_rcc.o(.text)
    .text                                    0x08002bcc   Section        0  stm32f10x_can.o(.text)
    CheckITStatus                            0x080033cf   Thumb Code    18  stm32f10x_can.o(.text)
    .text                                    0x080035bc   Section        0  stm32f10x_usart.o(.text)
    .text                                    0x080039c4   Section        0  stm32f10x_tim.o(.text)
    TI4_Config                               0x08003e6b   Thumb Code   130  stm32f10x_tim.o(.text)
    TI3_Config                               0x08003eff   Thumb Code   122  stm32f10x_tim.o(.text)
    TI2_Config                               0x08003f93   Thumb Code   130  stm32f10x_tim.o(.text)
    TI1_Config                               0x08004027   Thumb Code   108  stm32f10x_tim.o(.text)
    .text                                    0x080047e0   Section        0  stm32f10x_adc.o(.text)
    .text                                    0x08004c2e   Section        0  memcpya.o(.text)
    .text                                    0x08004c52   Section        0  memseta.o(.text)
    .text                                    0x08004c76   Section        0  fmul.o(.text)
    .text                                    0x08004cda   Section        0  fflti.o(.text)
    .text                                    0x08004cec   Section        0  ffixi.o(.text)
    .text                                    0x08004d1e   Section        0  uidiv.o(.text)
    .text                                    0x08004d4a   Section        0  fepilogue.o(.text)
    .text                                    0x08004d4a   Section        0  iusefp.o(.text)
    .text                                    0x08004db8   Section       36  init.o(.text)
    i.__0printf$1                            0x08004ddc   Section        0  printf1.o(i.__0printf$1)
    i.__scatterload_copy                     0x08004dfc   Section       14  handlers.o(i.__scatterload_copy)
    i.__scatterload_null                     0x08004e0a   Section        2  handlers.o(i.__scatterload_null)
    i.__scatterload_zeroinit                 0x08004e0c   Section       14  handlers.o(i.__scatterload_zeroinit)
    i._printf_core                           0x08004e1c   Section        0  printf1.o(i._printf_core)
    _printf_core                             0x08004e1d   Thumb Code   336  printf1.o(i._printf_core)
    .constdata                               0x08004f70   Section      468  elmo.o(.constdata)
    .data                                    0x20000000   Section       15  main.o(.data)
    .data                                    0x20000010   Section       20  system_stm32f10x.o(.data)
    .data                                    0x20000024   Section       40  can.o(.data)
    .data                                    0x2000004c   Section       20  elmo.o(.data)
    .data                                    0x20000060   Section        3  uart.o(.data)
    backcnt                                  0x20000061   Data           1  uart.o(.data)
    tir30ms                                  0x20000062   Data           1  uart.o(.data)
    .data                                    0x20000063   Section       35  uart2.o(.data)
    backcnt                                  0x20000082   Data           1  uart2.o(.data)
    tir30ms                                  0x20000083   Data           1  uart2.o(.data)
    i                                        0x20000084   Data           1  uart2.o(.data)
    x                                        0x20000085   Data           1  uart2.o(.data)
    .data                                    0x20000086   Section        4  delay.o(.data)
    fac_us                                   0x20000086   Data           1  delay.o(.data)
    fac_ms                                   0x20000088   Data           2  delay.o(.data)
    .data                                    0x2000008c   Section        6  usart.o(.data)
    .data                                    0x20000092   Section       20  stm32f10x_rcc.o(.data)
    APBAHBPrescTable                         0x20000092   Data          16  stm32f10x_rcc.o(.data)
    ADCPrescTable                            0x200000a2   Data           4  stm32f10x_rcc.o(.data)
    .bss                                     0x200000a8   Section      237  can.o(.bss)
    .bss                                     0x20000198   Section      680  elmo.o(.bss)
    .bss                                     0x20000440   Section      100  uart.o(.bss)
    .bss                                     0x200004a4   Section      122  uart2.o(.bss)
    rebuf                                    0x20000511   Data          13  uart2.o(.bss)
    STACK                                    0x20000520   Section     1024  startup_stm32f10x_hd.o(STACK)

    Global Symbols

    Symbol Name                              Value     Ov Type        Size  Object(Section)

    BuildAttributes$$THM_ISAv4$P$D$K$B$S$PE$A:L22UL41UL21$X:L11$S22US41US21$IEEE1$IW$USESV6$~STKCKD$USESV7$~SHL$OTIME$ROPI$EBA8$MICROLIB$REQ8$PRES8$EABIv2 0x00000000   Number         0  anon$$obj.o ABSOLUTE
    __ARM_use_no_argv                        0x00000000   Number         0  main.o ABSOLUTE
    __use_no_errno                           0x00000000   Number         0  useno.o ABSOLUTE
    __use_no_exception_handling              0x00000000   Number         0  useno.o ABSOLUTE
    __use_no_fp                              0x00000000   Number         0  useno.o ABSOLUTE
    __use_no_heap                            0x00000000   Number         0  useno.o ABSOLUTE
    __use_no_heap_region                     0x00000000   Number         0  useno.o ABSOLUTE
    __use_no_semihosting                     0x00000000   Number         0  useno.o ABSOLUTE
    __use_no_semihosting_swi                 0x00000000   Number         0  useno.o ABSOLUTE
    __use_no_signal_handling                 0x00000000   Number         0  useno.o ABSOLUTE
    _printf_a                                0x00000000   Number         0  stubs.o ABSOLUTE
    _printf_c                                0x00000000   Number         0  stubs.o ABSOLUTE
    _printf_charcount                        0x00000000   Number         0  stubs.o ABSOLUTE
    _printf_d                                0x00000000   Number         0  stubs.o ABSOLUTE
    _printf_e                                0x00000000   Number         0  stubs.o ABSOLUTE
    _printf_f                                0x00000000   Number         0  stubs.o ABSOLUTE
    _printf_flags                            0x00000000   Number         0  stubs.o ABSOLUTE
    _printf_fp_dec                           0x00000000   Number         0  stubs.o ABSOLUTE
    _printf_fp_hex                           0x00000000   Number         0  stubs.o ABSOLUTE
    _printf_g                                0x00000000   Number         0  stubs.o ABSOLUTE
    _printf_i                                0x00000000   Number         0  stubs.o ABSOLUTE
    _printf_int_dec                          0x00000000   Number         0  stubs.o ABSOLUTE
    _printf_l                                0x00000000   Number         0  stubs.o ABSOLUTE
    _printf_lc                               0x00000000   Number         0  stubs.o ABSOLUTE
    _printf_ll                               0x00000000   Number         0  stubs.o ABSOLUTE
    _printf_lld                              0x00000000   Number         0  stubs.o ABSOLUTE
    _printf_lli                              0x00000000   Number         0  stubs.o ABSOLUTE
    _printf_llo                              0x00000000   Number         0  stubs.o ABSOLUTE
    _printf_llu                              0x00000000   Number         0  stubs.o ABSOLUTE
    _printf_llx                              0x00000000   Number         0  stubs.o ABSOLUTE
    _printf_longlong_dec                     0x00000000   Number         0  stubs.o ABSOLUTE
    _printf_longlong_hex                     0x00000000   Number         0  stubs.o ABSOLUTE
    _printf_longlong_oct                     0x00000000   Number         0  stubs.o ABSOLUTE
    _printf_ls                               0x00000000   Number         0  stubs.o ABSOLUTE
    _printf_mbtowc                           0x00000000   Number         0  stubs.o ABSOLUTE
    _printf_n                                0x00000000   Number         0  stubs.o ABSOLUTE
    _printf_o                                0x00000000   Number         0  stubs.o ABSOLUTE
    _printf_p                                0x00000000   Number         0  stubs.o ABSOLUTE
    _printf_percent                          0x00000000   Number         0  stubs.o ABSOLUTE
    _printf_pre_padding                      0x00000000   Number         0  stubs.o ABSOLUTE
    _printf_return_value                     0x00000000   Number         0  stubs.o ABSOLUTE
    _printf_s                                0x00000000   Number         0  stubs.o ABSOLUTE
    _printf_sizespec                         0x00000000   Number         0  stubs.o ABSOLUTE
    _printf_str                              0x00000000   Number         0  stubs.o ABSOLUTE
    _printf_truncate_signed                  0x00000000   Number         0  stubs.o ABSOLUTE
    _printf_truncate_unsigned                0x00000000   Number         0  stubs.o ABSOLUTE
    _printf_u                                0x00000000   Number         0  stubs.o ABSOLUTE
    _printf_wc                               0x00000000   Number         0  stubs.o ABSOLUTE
    _printf_wctomb                           0x00000000   Number         0  stubs.o ABSOLUTE
    _printf_widthprec                        0x00000000   Number         0  stubs.o ABSOLUTE
    _printf_x                                0x00000000   Number         0  stubs.o ABSOLUTE
    __cpp_initialize__aeabi_                  - Undefined Weak Reference
    __cxa_finalize                            - Undefined Weak Reference
    __decompress                              - Undefined Weak Reference
    _clock_init                               - Undefined Weak Reference
    _microlib_exit                            - Undefined Weak Reference
    __Vectors_Size                           0x00000130   Number         0  startup_stm32f10x_hd.o ABSOLUTE
    __Vectors                                0x08000000   Data           4  startup_stm32f10x_hd.o(RESET)
    __Vectors_End                            0x08000130   Data           0  startup_stm32f10x_hd.o(RESET)
    __main                                   0x08000131   Thumb Code     0  entry.o(.ARM.Collect$$$$00000000)
    _main_stk                                0x08000131   Thumb Code     0  entry2.o(.ARM.Collect$$$$00000001)
    _main_scatterload                        0x08000135   Thumb Code     0  entry5.o(.ARM.Collect$$$$00000004)
    __main_after_scatterload                 0x08000139   Thumb Code     0  entry5.o(.ARM.Collect$$$$00000004)
    _main_clock                              0x08000139   Thumb Code     0  entry7b.o(.ARM.Collect$$$$00000008)
    _main_cpp_init                           0x08000139   Thumb Code     0  entry8b.o(.ARM.Collect$$$$0000000A)
    _main_init                               0x08000139   Thumb Code     0  entry9a.o(.ARM.Collect$$$$0000000B)
    __rt_final_cpp                           0x08000141   Thumb Code     0  entry10a.o(.ARM.Collect$$$$0000000D)
    __rt_final_exit                          0x08000141   Thumb Code     0  entry11a.o(.ARM.Collect$$$$0000000F)
    main                                     0x08000145   Thumb Code    94  main.o(.text)
    TIM3_IRQHandler                          0x080001a3   Thumb Code    26  main.o(.text)
    Usart_Receive_Data                       0x080001bd   Thumb Code    74  main.o(.text)
    NMI_Handler                              0x08000215   Thumb Code     2  stm32f10x_it.o(.text)
    HardFault_Handler                        0x08000217   Thumb Code     4  stm32f10x_it.o(.text)
    MemManage_Handler                        0x0800021b   Thumb Code     4  stm32f10x_it.o(.text)
    BusFault_Handler                         0x0800021f   Thumb Code     4  stm32f10x_it.o(.text)
    UsageFault_Handler                       0x08000223   Thumb Code     4  stm32f10x_it.o(.text)
    SVC_Handler                              0x08000227   Thumb Code     2  stm32f10x_it.o(.text)
    DebugMon_Handler                         0x08000229   Thumb Code     2  stm32f10x_it.o(.text)
    PendSV_Handler                           0x0800022b   Thumb Code     2  stm32f10x_it.o(.text)
    SysTick_Handler                          0x0800022d   Thumb Code     2  stm32f10x_it.o(.text)
    SystemInit                               0x0800030f   Thumb Code    78  system_stm32f10x.o(.text)
    SystemCoreClockUpdate                    0x0800035d   Thumb Code   142  system_stm32f10x.o(.text)
    CAN_Mode_Init                            0x08000411   Thumb Code   262  can.o(.text)
    Can_node_send_byte                       0x08000517   Thumb Code   104  can.o(.text)
    Can_send_rad                             0x0800057f   Thumb Code    72  can.o(.text)
    Can_send_small_leg_force                 0x080005c7   Thumb Code    72  can.o(.text)
    Can_send_adc                             0x0800060f   Thumb Code    72  can.o(.text)
    Respond_node                             0x08000657   Thumb Code    50  can.o(.text)
    Get_adc                                  0x08000689   Thumb Code    74  can.o(.text)
    Can_Action                               0x080006d3   Thumb Code   180  can.o(.text)
    can_diver                                0x08000787   Thumb Code    34  can.o(.text)
    USB_LP_CAN1_RX0_IRQHandler               0x080007a9   Thumb Code    46  can.o(.text)
    Can_Send_Msg                             0x080007d7   Thumb Code   156  can.o(.text)
    Can_Receive_Msg                          0x08000873   Thumb Code    56  can.o(.text)
    Delay_100us                              0x080008b1   Thumb Code    20  elmo.o(.text)
    Elmo_Write                               0x080008c5   Thumb Code    72  elmo.o(.text)
    my_elmo_len                              0x0800090d   Thumb Code    64  elmo.o(.text)
    Elmo_Read                                0x0800094d   Thumb Code    72  elmo.o(.text)
    Elmo_ParamInit                           0x08000995   Thumb Code   250  elmo.o(.text)
    my_sdo_Write                             0x08000a8f   Thumb Code    84  elmo.o(.text)
    Elmo_NMTWrite                            0x08000ae3   Thumb Code    36  elmo.o(.text)
    my_Elmo_PDOInit                          0x08000b07   Thumb Code   142  elmo.o(.text)
    MY_PDOWrite                              0x08000b95   Thumb Code    46  elmo.o(.text)
    MY_Elmo_PDOWrite_index                   0x08000bc3   Thumb Code    76  elmo.o(.text)
    MY_Elmo_PDOWrite                         0x08000c0f   Thumb Code    66  elmo.o(.text)
    Speed_control_mode                       0x08000c51   Thumb Code   212  elmo.o(.text)
    Init_location_control_mode               0x08000d25   Thumb Code   132  elmo.o(.text)
    Run_pt_mode                              0x08000da9   Thumb Code    56  elmo.o(.text)
    PT_mode                                  0x08000de1   Thumb Code   330  elmo.o(.text)
    Bigan_run                                0x08000f2b   Thumb Code   164  elmo.o(.text)
    Init_PTmode                              0x08000fcf   Thumb Code   184  elmo.o(.text)
    Location_control                         0x08001087   Thumb Code    90  elmo.o(.text)
    disable_diver                            0x080010e1   Thumb Code    18  elmo.o(.text)
    Elmo_PDOInit                             0x080010f3   Thumb Code   370  elmo.o(.text)
    Elmo_Init                                0x08001265   Thumb Code    84  elmo.o(.text)
    Elmo_PDOWrite                            0x080012b9   Thumb Code    46  elmo.o(.text)
    MY_NMTWrite                              0x080012e7   Thumb Code    42  elmo.o(.text)
    Change_mode                              0x08001311   Thumb Code   100  elmo.o(.text)
    Elmo_RunPVM                              0x08001375   Thumb Code   282  elmo.o(.text)
    U_Elmo_RunPPM                            0x0800148f   Thumb Code   532  elmo.o(.text)
    Elmo_RunPPM                              0x080016a3   Thumb Code   302  elmo.o(.text)
    Elmo_RunPTM                              0x080017d1   Thumb Code   138  elmo.o(.text)
    Elmo_QuickStop                           0x0800185b   Thumb Code   116  elmo.o(.text)
    Init_Uart                                0x080018d1   Thumb Code   158  uart.o(.text)
    uart_init2                               0x0800196f   Thumb Code   162  uart.o(.text)
    UART1_Send_DATA                          0x08001a11   Thumb Code    28  uart.o(.text)
    USART1_IRQHandler                        0x08001a2d   Thumb Code    50  uart.o(.text)
    usart1_senddat                           0x08001a5f   Thumb Code    44  uart.o(.text)
    ReadUart                                 0x08001a8b   Thumb Code    48  uart.o(.text)
    Uart1_Action                             0x08001abb   Thumb Code   384  uart.o(.text)
    Uart1_driver                             0x08001c3b   Thumb Code    54  uart.o(.text)
    Uart1_monitor                            0x08001c71   Thumb Code    74  uart.o(.text)
    Adc_Init                                 0x08001d61   Thumb Code   176  adc.o(.text)
    Get_Adc                                  0x08001e11   Thumb Code    46  adc.o(.text)
    Get_Adc_Average                          0x08001e3f   Thumb Code    52  adc.o(.text)
    Uart2_ConfigBaud                         0x08001e81   Thumb Code   162  uart2.o(.text)
    USART_send_byte                          0x08001f23   Thumb Code    26  uart2.o(.text)
    USART_Send_bytes                         0x08001f3d   Thumb Code    28  uart2.o(.text)
    CHeck                                    0x08001f59   Thumb Code   324  uart2.o(.text)
    Uart2_monitor                            0x0800209d   Thumb Code    74  uart2.o(.text)
    ReadUart2                                0x080020e7   Thumb Code    48  uart2.o(.text)
    Uart2_Senddat                            0x08002117   Thumb Code    44  uart2.o(.text)
    Uart2_Action                             0x08002143   Thumb Code    16  uart2.o(.text)
    Uart2_driver                             0x08002153   Thumb Code    34  uart2.o(.text)
    USART2_IRQHandler                        0x08002175   Thumb Code   106  uart2.o(.text)
    delay_init                               0x08002225   Thumb Code    50  delay.o(.text)
    delay_us                                 0x08002257   Thumb Code    72  delay.o(.text)
    delay_ms                                 0x0800229f   Thumb Code    72  delay.o(.text)
    NVIC_Configuration                       0x080022f9   Thumb Code    12  sys.o(.text)
    _sys_exit                                0x08002305   Thumb Code     6  usart.o(.text)
    fputc                                    0x0800230b   Thumb Code    24  usart.o(.text)
    uart_init                                0x08002323   Thumb Code   158  usart.o(.text)
    Reset_Handler                            0x080023cd   Thumb Code     8  startup_stm32f10x_hd.o(.text)
    ADC1_2_IRQHandler                        0x080023e7   Thumb Code     0  startup_stm32f10x_hd.o(.text)
    ADC3_IRQHandler                          0x080023e7   Thumb Code     0  startup_stm32f10x_hd.o(.text)
    CAN1_RX1_IRQHandler                      0x080023e7   Thumb Code     0  startup_stm32f10x_hd.o(.text)
    CAN1_SCE_IRQHandler                      0x080023e7   Thumb Code     0  startup_stm32f10x_hd.o(.text)
    DMA1_Channel1_IRQHandler                 0x080023e7   Thumb Code     0  startup_stm32f10x_hd.o(.text)
    DMA1_Channel2_IRQHandler                 0x080023e7   Thumb Code     0  startup_stm32f10x_hd.o(.text)
    DMA1_Channel3_IRQHandler                 0x080023e7   Thumb Code     0  startup_stm32f10x_hd.o(.text)
    DMA1_Channel4_IRQHandler                 0x080023e7   Thumb Code     0  startup_stm32f10x_hd.o(.text)
    DMA1_Channel5_IRQHandler                 0x080023e7   Thumb Code     0  startup_stm32f10x_hd.o(.text)
    DMA1_Channel6_IRQHandler                 0x080023e7   Thumb Code     0  startup_stm32f10x_hd.o(.text)
    DMA1_Channel7_IRQHandler                 0x080023e7   Thumb Code     0  startup_stm32f10x_hd.o(.text)
    DMA2_Channel1_IRQHandler                 0x080023e7   Thumb Code     0  startup_stm32f10x_hd.o(.text)
    DMA2_Channel2_IRQHandler                 0x080023e7   Thumb Code     0  startup_stm32f10x_hd.o(.text)
    DMA2_Channel3_IRQHandler                 0x080023e7   Thumb Code     0  startup_stm32f10x_hd.o(.text)
    DMA2_Channel4_5_IRQHandler               0x080023e7   Thumb Code     0  startup_stm32f10x_hd.o(.text)
    EXTI0_IRQHandler                         0x080023e7   Thumb Code     0  startup_stm32f10x_hd.o(.text)
    EXTI15_10_IRQHandler                     0x080023e7   Thumb Code     0  startup_stm32f10x_hd.o(.text)
    EXTI1_IRQHandler                         0x080023e7   Thumb Code     0  startup_stm32f10x_hd.o(.text)
    EXTI2_IRQHandler                         0x080023e7   Thumb Code     0  startup_stm32f10x_hd.o(.text)
    EXTI3_IRQHandler                         0x080023e7   Thumb Code     0  startup_stm32f10x_hd.o(.text)
    EXTI4_IRQHandler                         0x080023e7   Thumb Code     0  startup_stm32f10x_hd.o(.text)
    EXTI9_5_IRQHandler                       0x080023e7   Thumb Code     0  startup_stm32f10x_hd.o(.text)
    FLASH_IRQHandler                         0x080023e7   Thumb Code     0  startup_stm32f10x_hd.o(.text)
    FSMC_IRQHandler                          0x080023e7   Thumb Code     0  startup_stm32f10x_hd.o(.text)
    I2C1_ER_IRQHandler                       0x080023e7   Thumb Code     0  startup_stm32f10x_hd.o(.text)
    I2C1_EV_IRQHandler                       0x080023e7   Thumb Code     0  startup_stm32f10x_hd.o(.text)
    I2C2_ER_IRQHandler                       0x080023e7   Thumb Code     0  startup_stm32f10x_hd.o(.text)
    I2C2_EV_IRQHandler                       0x080023e7   Thumb Code     0  startup_stm32f10x_hd.o(.text)
    PVD_IRQHandler                           0x080023e7   Thumb Code     0  startup_stm32f10x_hd.o(.text)
    RCC_IRQHandler                           0x080023e7   Thumb Code     0  startup_stm32f10x_hd.o(.text)
    RTCAlarm_IRQHandler                      0x080023e7   Thumb Code     0  startup_stm32f10x_hd.o(.text)
    RTC_IRQHandler                           0x080023e7   Thumb Code     0  startup_stm32f10x_hd.o(.text)
    SDIO_IRQHandler                          0x080023e7   Thumb Code     0  startup_stm32f10x_hd.o(.text)
    SPI1_IRQHandler                          0x080023e7   Thumb Code     0  startup_stm32f10x_hd.o(.text)
    SPI2_IRQHandler                          0x080023e7   Thumb Code     0  startup_stm32f10x_hd.o(.text)
    SPI3_IRQHandler                          0x080023e7   Thumb Code     0  startup_stm32f10x_hd.o(.text)
    TAMPER_IRQHandler                        0x080023e7   Thumb Code     0  startup_stm32f10x_hd.o(.text)
    TIM1_BRK_IRQHandler                      0x080023e7   Thumb Code     0  startup_stm32f10x_hd.o(.text)
    TIM1_CC_IRQHandler                       0x080023e7   Thumb Code     0  startup_stm32f10x_hd.o(.text)
    TIM1_TRG_COM_IRQHandler                  0x080023e7   Thumb Code     0  startup_stm32f10x_hd.o(.text)
    TIM1_UP_IRQHandler                       0x080023e7   Thumb Code     0  startup_stm32f10x_hd.o(.text)
    TIM2_IRQHandler                          0x080023e7   Thumb Code     0  startup_stm32f10x_hd.o(.text)
    TIM4_IRQHandler                          0x080023e7   Thumb Code     0  startup_stm32f10x_hd.o(.text)
    TIM5_IRQHandler                          0x080023e7   Thumb Code     0  startup_stm32f10x_hd.o(.text)
    TIM6_IRQHandler                          0x080023e7   Thumb Code     0  startup_stm32f10x_hd.o(.text)
    TIM7_IRQHandler                          0x080023e7   Thumb Code     0  startup_stm32f10x_hd.o(.text)
    TIM8_BRK_IRQHandler                      0x080023e7   Thumb Code     0  startup_stm32f10x_hd.o(.text)
    TIM8_CC_IRQHandler                       0x080023e7   Thumb Code     0  startup_stm32f10x_hd.o(.text)
    TIM8_TRG_COM_IRQHandler                  0x080023e7   Thumb Code     0  startup_stm32f10x_hd.o(.text)
    TIM8_UP_IRQHandler                       0x080023e7   Thumb Code     0  startup_stm32f10x_hd.o(.text)
    UART4_IRQHandler                         0x080023e7   Thumb Code     0  startup_stm32f10x_hd.o(.text)
    UART5_IRQHandler                         0x080023e7   Thumb Code     0  startup_stm32f10x_hd.o(.text)
    USART3_IRQHandler                        0x080023e7   Thumb Code     0  startup_stm32f10x_hd.o(.text)
    USBWakeUp_IRQHandler                     0x080023e7   Thumb Code     0  startup_stm32f10x_hd.o(.text)
    USB_HP_CAN1_TX_IRQHandler                0x080023e7   Thumb Code     0  startup_stm32f10x_hd.o(.text)
    WWDG_IRQHandler                          0x080023e7   Thumb Code     0  startup_stm32f10x_hd.o(.text)
    NVIC_PriorityGroupConfig                 0x080023f1   Thumb Code    10  misc.o(.text)
    NVIC_Init                                0x080023fb   Thumb Code   100  misc.o(.text)
    NVIC_SetVectorTable                      0x0800245f   Thumb Code    14  misc.o(.text)
    NVIC_SystemLPConfig                      0x0800246d   Thumb Code    34  misc.o(.text)
    SysTick_CLKSourceConfig                  0x0800248f   Thumb Code    40  misc.o(.text)
    GPIO_DeInit                              0x080024cd   Thumb Code   172  stm32f10x_gpio.o(.text)
    GPIO_AFIODeInit                          0x08002579   Thumb Code    20  stm32f10x_gpio.o(.text)
    GPIO_Init                                0x0800258d   Thumb Code   278  stm32f10x_gpio.o(.text)
    GPIO_StructInit                          0x080026a3   Thumb Code    16  stm32f10x_gpio.o(.text)
    GPIO_ReadInputDataBit                    0x080026b3   Thumb Code    18  stm32f10x_gpio.o(.text)
    GPIO_ReadInputData                       0x080026c5   Thumb Code     8  stm32f10x_gpio.o(.text)
    GPIO_ReadOutputDataBit                   0x080026cd   Thumb Code    18  stm32f10x_gpio.o(.text)
    GPIO_ReadOutputData                      0x080026df   Thumb Code     8  stm32f10x_gpio.o(.text)
    GPIO_SetBits                             0x080026e7   Thumb Code     4  stm32f10x_gpio.o(.text)
    GPIO_ResetBits                           0x080026eb   Thumb Code     4  stm32f10x_gpio.o(.text)
    GPIO_WriteBit                            0x080026ef   Thumb Code    10  stm32f10x_gpio.o(.text)
    GPIO_Write                               0x080026f9   Thumb Code     4  stm32f10x_gpio.o(.text)
    GPIO_PinLockConfig                       0x080026fd   Thumb Code    18  stm32f10x_gpio.o(.text)
    GPIO_EventOutputConfig                   0x0800270f   Thumb Code    26  stm32f10x_gpio.o(.text)
    GPIO_EventOutputCmd                      0x08002729   Thumb Code     6  stm32f10x_gpio.o(.text)
    GPIO_PinRemapConfig                      0x0800272f   Thumb Code   138  stm32f10x_gpio.o(.text)
    GPIO_EXTILineConfig                      0x080027b9   Thumb Code    66  stm32f10x_gpio.o(.text)
    GPIO_ETH_MediaInterfaceConfig            0x080027fb   Thumb Code     8  stm32f10x_gpio.o(.text)
    RCC_DeInit                               0x08002829   Thumb Code    64  stm32f10x_rcc.o(.text)
    RCC_HSEConfig                            0x08002869   Thumb Code    70  stm32f10x_rcc.o(.text)
    RCC_GetFlagStatus                        0x080028af   Thumb Code    56  stm32f10x_rcc.o(.text)
    RCC_WaitForHSEStartUp                    0x080028e7   Thumb Code    56  stm32f10x_rcc.o(.text)
    RCC_AdjustHSICalibrationValue            0x0800291f   Thumb Code    20  stm32f10x_rcc.o(.text)
    RCC_HSICmd                               0x08002933   Thumb Code     6  stm32f10x_rcc.o(.text)
    RCC_PLLConfig                            0x08002939   Thumb Code    24  stm32f10x_rcc.o(.text)
    RCC_PLLCmd                               0x08002951   Thumb Code     6  stm32f10x_rcc.o(.text)
    RCC_SYSCLKConfig                         0x08002957   Thumb Code    18  stm32f10x_rcc.o(.text)
    RCC_GetSYSCLKSource                      0x08002969   Thumb Code    10  stm32f10x_rcc.o(.text)
    RCC_HCLKConfig                           0x08002973   Thumb Code    18  stm32f10x_rcc.o(.text)
    RCC_PCLK1Config                          0x08002985   Thumb Code    18  stm32f10x_rcc.o(.text)
    RCC_PCLK2Config                          0x08002997   Thumb Code    20  stm32f10x_rcc.o(.text)
    RCC_ITConfig                             0x080029ab   Thumb Code    26  stm32f10x_rcc.o(.text)
    RCC_USBCLKConfig                         0x080029c5   Thumb Code     8  stm32f10x_rcc.o(.text)
    RCC_ADCCLKConfig                         0x080029cd   Thumb Code    18  stm32f10x_rcc.o(.text)
    RCC_LSEConfig                            0x080029df   Thumb Code    50  stm32f10x_rcc.o(.text)
    RCC_LSICmd                               0x08002a11   Thumb Code     6  stm32f10x_rcc.o(.text)
    RCC_RTCCLKConfig                         0x08002a17   Thumb Code    12  stm32f10x_rcc.o(.text)
    RCC_RTCCLKCmd                            0x08002a23   Thumb Code     8  stm32f10x_rcc.o(.text)
    RCC_GetClocksFreq                        0x08002a2b   Thumb Code   192  stm32f10x_rcc.o(.text)
    RCC_AHBPeriphClockCmd                    0x08002aeb   Thumb Code    26  stm32f10x_rcc.o(.text)
    RCC_APB2PeriphClockCmd                   0x08002b05   Thumb Code    26  stm32f10x_rcc.o(.text)
    RCC_APB1PeriphClockCmd                   0x08002b1f   Thumb Code    26  stm32f10x_rcc.o(.text)
    RCC_APB2PeriphResetCmd                   0x08002b39   Thumb Code    26  stm32f10x_rcc.o(.text)
    RCC_APB1PeriphResetCmd                   0x08002b53   Thumb Code    26  stm32f10x_rcc.o(.text)
    RCC_BackupResetCmd                       0x08002b6d   Thumb Code     8  stm32f10x_rcc.o(.text)
    RCC_ClockSecuritySystemCmd               0x08002b75   Thumb Code     6  stm32f10x_rcc.o(.text)
    RCC_MCOConfig                            0x08002b7b   Thumb Code     6  stm32f10x_rcc.o(.text)
    RCC_ClearFlag                            0x08002b81   Thumb Code    14  stm32f10x_rcc.o(.text)
    RCC_GetITStatus                          0x08002b8f   Thumb Code    20  stm32f10x_rcc.o(.text)
    RCC_ClearITPendingBit                    0x08002ba3   Thumb Code     6  stm32f10x_rcc.o(.text)
    CAN_DeInit                               0x08002bcd   Thumb Code    50  stm32f10x_can.o(.text)
    CAN_Init                                 0x08002bff   Thumb Code   276  stm32f10x_can.o(.text)
    CAN_FilterInit                           0x08002d13   Thumb Code   258  stm32f10x_can.o(.text)
    CAN_StructInit                           0x08002e15   Thumb Code    32  stm32f10x_can.o(.text)
    CAN_SlaveStartBank                       0x08002e35   Thumb Code    48  stm32f10x_can.o(.text)
    CAN_DBGFreeze                            0x08002e65   Thumb Code    22  stm32f10x_can.o(.text)
    CAN_TTComModeCmd                         0x08002e7b   Thumb Code   118  stm32f10x_can.o(.text)
    CAN_Transmit                             0x08002ef1   Thumb Code   304  stm32f10x_can.o(.text)
    CAN_TransmitStatus                       0x08003021   Thumb Code   138  stm32f10x_can.o(.text)
    CAN_CancelTransmit                       0x080030ab   Thumb Code    48  stm32f10x_can.o(.text)
    CAN_Receive                              0x080030db   Thumb Code   240  stm32f10x_can.o(.text)
    CAN_FIFORelease                          0x080031cb   Thumb Code    22  stm32f10x_can.o(.text)
    CAN_MessagePending                       0x080031e1   Thumb Code    30  stm32f10x_can.o(.text)
    CAN_OperatingModeRequest                 0x080031ff   Thumb Code   162  stm32f10x_can.o(.text)
    CAN_Sleep                                0x080032a1   Thumb Code    30  stm32f10x_can.o(.text)
    CAN_WakeUp                               0x080032bf   Thumb Code    48  stm32f10x_can.o(.text)
    CAN_GetLastErrorCode                     0x080032ef   Thumb Code    12  stm32f10x_can.o(.text)
    CAN_GetReceiveErrorCounter               0x080032fb   Thumb Code    10  stm32f10x_can.o(.text)
    CAN_GetLSBTransmitErrorCounter           0x08003305   Thumb Code    12  stm32f10x_can.o(.text)
    CAN_ITConfig                             0x08003311   Thumb Code    18  stm32f10x_can.o(.text)
    CAN_GetFlagStatus                        0x08003323   Thumb Code   120  stm32f10x_can.o(.text)
    CAN_ClearFlag                            0x0800339b   Thumb Code    52  stm32f10x_can.o(.text)
    CAN_GetITStatus                          0x080033e1   Thumb Code   310  stm32f10x_can.o(.text)
    CAN_ClearITPendingBit                    0x08003517   Thumb Code   162  stm32f10x_can.o(.text)
    USART_DeInit                             0x080035bd   Thumb Code   134  stm32f10x_usart.o(.text)
    USART_Init                               0x08003643   Thumb Code   210  stm32f10x_usart.o(.text)
    USART_StructInit                         0x08003715   Thumb Code    24  stm32f10x_usart.o(.text)
    USART_ClockInit                          0x0800372d   Thumb Code    34  stm32f10x_usart.o(.text)
    USART_ClockStructInit                    0x0800374f   Thumb Code    12  stm32f10x_usart.o(.text)
    USART_Cmd                                0x0800375b   Thumb Code    24  stm32f10x_usart.o(.text)
    USART_ITConfig                           0x08003773   Thumb Code    74  stm32f10x_usart.o(.text)
    USART_DMACmd                             0x080037bd   Thumb Code    18  stm32f10x_usart.o(.text)
    USART_SetAddress                         0x080037cf   Thumb Code    18  stm32f10x_usart.o(.text)
    USART_WakeUpConfig                       0x080037e1   Thumb Code    18  stm32f10x_usart.o(.text)
    USART_ReceiverWakeUpCmd                  0x080037f3   Thumb Code    24  stm32f10x_usart.o(.text)
    USART_LINBreakDetectLengthConfig         0x0800380b   Thumb Code    18  stm32f10x_usart.o(.text)
    USART_LINCmd                             0x0800381d   Thumb Code    24  stm32f10x_usart.o(.text)
    USART_SendData                           0x08003835   Thumb Code     8  stm32f10x_usart.o(.text)
    USART_ReceiveData                        0x0800383d   Thumb Code    10  stm32f10x_usart.o(.text)
    USART_SendBreak                          0x08003847   Thumb Code    10  stm32f10x_usart.o(.text)
    USART_SetGuardTime                       0x08003851   Thumb Code    16  stm32f10x_usart.o(.text)
    USART_SetPrescaler                       0x08003861   Thumb Code    16  stm32f10x_usart.o(.text)
    USART_SmartCardCmd                       0x08003871   Thumb Code    24  stm32f10x_usart.o(.text)
    USART_SmartCardNACKCmd                   0x08003889   Thumb Code    24  stm32f10x_usart.o(.text)
    USART_HalfDuplexCmd                      0x080038a1   Thumb Code    24  stm32f10x_usart.o(.text)
    USART_OverSampling8Cmd                   0x080038b9   Thumb Code    22  stm32f10x_usart.o(.text)
    USART_OneBitMethodCmd                    0x080038cf   Thumb Code    24  stm32f10x_usart.o(.text)
    USART_IrDAConfig                         0x080038e7   Thumb Code    18  stm32f10x_usart.o(.text)
    USART_IrDACmd                            0x080038f9   Thumb Code    24  stm32f10x_usart.o(.text)
    USART_GetFlagStatus                      0x08003911   Thumb Code    26  stm32f10x_usart.o(.text)
    USART_ClearFlag                          0x0800392b   Thumb Code    18  stm32f10x_usart.o(.text)
    USART_GetITStatus                        0x0800393d   Thumb Code    84  stm32f10x_usart.o(.text)
    USART_ClearITPendingBit                  0x08003991   Thumb Code    52  stm32f10x_usart.o(.text)
    TIM_DeInit                               0x080039c5   Thumb Code   424  stm32f10x_tim.o(.text)
    TIM_TimeBaseInit                         0x08003b6d   Thumb Code   122  stm32f10x_tim.o(.text)
    TIM_OC1Init                              0x08003be7   Thumb Code   132  stm32f10x_tim.o(.text)
    TIM_OC2Init                              0x08003c6b   Thumb Code   154  stm32f10x_tim.o(.text)
    TIM_OC3Init                              0x08003d05   Thumb Code   150  stm32f10x_tim.o(.text)
    TIM_OC4Init                              0x08003d9b   Thumb Code   182  stm32f10x_tim.o(.text)
    TIM_SetIC4Prescaler                      0x08003e51   Thumb Code    26  stm32f10x_tim.o(.text)
    TIM_SetIC3Prescaler                      0x08003eed   Thumb Code    18  stm32f10x_tim.o(.text)
    TIM_SetIC2Prescaler                      0x08003f79   Thumb Code    26  stm32f10x_tim.o(.text)
    TIM_SetIC1Prescaler                      0x08004015   Thumb Code    18  stm32f10x_tim.o(.text)
    TIM_ICInit                               0x08004093   Thumb Code   150  stm32f10x_tim.o(.text)
    TIM_PWMIConfig                           0x08004129   Thumb Code   124  stm32f10x_tim.o(.text)
    TIM_BDTRConfig                           0x080041a5   Thumb Code    32  stm32f10x_tim.o(.text)
    TIM_TimeBaseStructInit                   0x080041c5   Thumb Code    18  stm32f10x_tim.o(.text)
    TIM_OCStructInit                         0x080041d7   Thumb Code    20  stm32f10x_tim.o(.text)
    TIM_ICStructInit                         0x080041eb   Thumb Code    18  stm32f10x_tim.o(.text)
    TIM_BDTRStructInit                       0x080041fd   Thumb Code    40  stm32f10x_tim.o(.text)
    TIM_Cmd                                  0x08004225   Thumb Code    24  stm32f10x_tim.o(.text)
    TIM_CtrlPWMOutputs                       0x0800423d   Thumb Code    30  stm32f10x_tim.o(.text)
    TIM_ITConfig                             0x0800425b   Thumb Code    18  stm32f10x_tim.o(.text)
    TIM_GenerateEvent                        0x0800426d   Thumb Code     4  stm32f10x_tim.o(.text)
    TIM_DMAConfig                            0x08004271   Thumb Code    10  stm32f10x_tim.o(.text)
    TIM_DMACmd                               0x0800427b   Thumb Code    18  stm32f10x_tim.o(.text)
    TIM_InternalClockConfig                  0x0800428d   Thumb Code    12  stm32f10x_tim.o(.text)
    TIM_SelectInputTrigger                   0x08004299   Thumb Code    18  stm32f10x_tim.o(.text)
    TIM_ITRxExternalClockConfig              0x080042ab   Thumb Code    24  stm32f10x_tim.o(.text)
    TIM_TIxExternalClockConfig               0x080042c3   Thumb Code    62  stm32f10x_tim.o(.text)
    TIM_ETRConfig                            0x08004301   Thumb Code    28  stm32f10x_tim.o(.text)
    TIM_ETRClockMode1Config                  0x0800431d   Thumb Code    54  stm32f10x_tim.o(.text)
    TIM_ETRClockMode2Config                  0x08004353   Thumb Code    32  stm32f10x_tim.o(.text)
    TIM_PrescalerConfig                      0x08004373   Thumb Code     6  stm32f10x_tim.o(.text)
    TIM_CounterModeConfig                    0x08004379   Thumb Code    18  stm32f10x_tim.o(.text)
    TIM_EncoderInterfaceConfig               0x0800438b   Thumb Code    66  stm32f10x_tim.o(.text)
    TIM_ForcedOC1Config                      0x080043cd   Thumb Code    18  stm32f10x_tim.o(.text)
    TIM_ForcedOC2Config                      0x080043df   Thumb Code    26  stm32f10x_tim.o(.text)
    TIM_ForcedOC3Config                      0x080043f9   Thumb Code    18  stm32f10x_tim.o(.text)
    TIM_ForcedOC4Config                      0x0800440b   Thumb Code    26  stm32f10x_tim.o(.text)
    TIM_ARRPreloadConfig                     0x08004425   Thumb Code    24  stm32f10x_tim.o(.text)
    TIM_SelectCOM                            0x0800443d   Thumb Code    24  stm32f10x_tim.o(.text)
    TIM_SelectCCDMA                          0x08004455   Thumb Code    24  stm32f10x_tim.o(.text)
    TIM_CCPreloadControl                     0x0800446d   Thumb Code    24  stm32f10x_tim.o(.text)
    TIM_OC1PreloadConfig                     0x08004485   Thumb Code    18  stm32f10x_tim.o(.text)
    TIM_OC2PreloadConfig                     0x08004497   Thumb Code    26  stm32f10x_tim.o(.text)
    TIM_OC3PreloadConfig                     0x080044b1   Thumb Code    18  stm32f10x_tim.o(.text)
    TIM_OC4PreloadConfig                     0x080044c3   Thumb Code    26  stm32f10x_tim.o(.text)
    TIM_OC1FastConfig                        0x080044dd   Thumb Code    18  stm32f10x_tim.o(.text)
    TIM_OC2FastConfig                        0x080044ef   Thumb Code    26  stm32f10x_tim.o(.text)
    TIM_OC3FastConfig                        0x08004509   Thumb Code    18  stm32f10x_tim.o(.text)
    TIM_OC4FastConfig                        0x0800451b   Thumb Code    26  stm32f10x_tim.o(.text)
    TIM_ClearOC1Ref                          0x08004535   Thumb Code    18  stm32f10x_tim.o(.text)
    TIM_ClearOC2Ref                          0x08004547   Thumb Code    24  stm32f10x_tim.o(.text)
    TIM_ClearOC3Ref                          0x0800455f   Thumb Code    18  stm32f10x_tim.o(.text)
    TIM_ClearOC4Ref                          0x08004571   Thumb Code    24  stm32f10x_tim.o(.text)
    TIM_OC1PolarityConfig                    0x08004589   Thumb Code    18  stm32f10x_tim.o(.text)
    TIM_OC1NPolarityConfig                   0x0800459b   Thumb Code    18  stm32f10x_tim.o(.text)
    TIM_OC2PolarityConfig                    0x080045ad   Thumb Code    26  stm32f10x_tim.o(.text)
    TIM_OC2NPolarityConfig                   0x080045c7   Thumb Code    26  stm32f10x_tim.o(.text)
    TIM_OC3PolarityConfig                    0x080045e1   Thumb Code    26  stm32f10x_tim.o(.text)
    TIM_OC3NPolarityConfig                   0x080045fb   Thumb Code    26  stm32f10x_tim.o(.text)
    TIM_OC4PolarityConfig                    0x08004615   Thumb Code    26  stm32f10x_tim.o(.text)
    TIM_CCxCmd                               0x0800462f   Thumb Code    30  stm32f10x_tim.o(.text)
    TIM_CCxNCmd                              0x0800464d   Thumb Code    30  stm32f10x_tim.o(.text)
    TIM_SelectOCxM                           0x0800466b   Thumb Code    82  stm32f10x_tim.o(.text)
    TIM_UpdateDisableConfig                  0x080046bd   Thumb Code    24  stm32f10x_tim.o(.text)
    TIM_UpdateRequestConfig                  0x080046d5   Thumb Code    24  stm32f10x_tim.o(.text)
    TIM_SelectHallSensor                     0x080046ed   Thumb Code    24  stm32f10x_tim.o(.text)
    TIM_SelectOnePulseMode                   0x08004705   Thumb Code    18  stm32f10x_tim.o(.text)
    TIM_SelectOutputTrigger                  0x08004717   Thumb Code    18  stm32f10x_tim.o(.text)
    TIM_SelectSlaveMode                      0x08004729   Thumb Code    18  stm32f10x_tim.o(.text)
    TIM_SelectMasterSlaveMode                0x0800473b   Thumb Code    18  stm32f10x_tim.o(.text)
    TIM_SetCounter                           0x0800474d   Thumb Code     4  stm32f10x_tim.o(.text)
    TIM_SetAutoreload                        0x08004751   Thumb Code     4  stm32f10x_tim.o(.text)
    TIM_SetCompare1                          0x08004755   Thumb Code     4  stm32f10x_tim.o(.text)
    TIM_SetCompare2                          0x08004759   Thumb Code     4  stm32f10x_tim.o(.text)
    TIM_SetCompare3                          0x0800475d   Thumb Code     4  stm32f10x_tim.o(.text)
    TIM_SetCompare4                          0x08004761   Thumb Code     6  stm32f10x_tim.o(.text)
    TIM_SetClockDivision                     0x08004767   Thumb Code    18  stm32f10x_tim.o(.text)
    TIM_GetCapture1                          0x08004779   Thumb Code     6  stm32f10x_tim.o(.text)
    TIM_GetCapture2                          0x0800477f   Thumb Code     6  stm32f10x_tim.o(.text)
    TIM_GetCapture3                          0x08004785   Thumb Code     6  stm32f10x_tim.o(.text)
    TIM_GetCapture4                          0x0800478b   Thumb Code     8  stm32f10x_tim.o(.text)
    TIM_GetCounter                           0x08004793   Thumb Code     6  stm32f10x_tim.o(.text)
    TIM_GetPrescaler                         0x08004799   Thumb Code     6  stm32f10x_tim.o(.text)
    TIM_GetFlagStatus                        0x0800479f   Thumb Code    18  stm32f10x_tim.o(.text)
    TIM_ClearFlag                            0x080047b1   Thumb Code     6  stm32f10x_tim.o(.text)
    TIM_GetITStatus                          0x080047b7   Thumb Code    34  stm32f10x_tim.o(.text)
    TIM_ClearITPendingBit                    0x080047d9   Thumb Code     6  stm32f10x_tim.o(.text)
    ADC_DeInit                               0x080047e1   Thumb Code    78  stm32f10x_adc.o(.text)
    ADC_Init                                 0x0800482f   Thumb Code    70  stm32f10x_adc.o(.text)
    ADC_StructInit                           0x08004875   Thumb Code    18  stm32f10x_adc.o(.text)
    ADC_Cmd                                  0x08004887   Thumb Code    22  stm32f10x_adc.o(.text)
    ADC_DMACmd                               0x0800489d   Thumb Code    22  stm32f10x_adc.o(.text)
    ADC_ITConfig                             0x080048b3   Thumb Code    24  stm32f10x_adc.o(.text)
    ADC_ResetCalibration                     0x080048cb   Thumb Code    10  stm32f10x_adc.o(.text)
    ADC_GetResetCalibrationStatus            0x080048d5   Thumb Code    20  stm32f10x_adc.o(.text)
    ADC_StartCalibration                     0x080048e9   Thumb Code    10  stm32f10x_adc.o(.text)
    ADC_GetCalibrationStatus                 0x080048f3   Thumb Code    20  stm32f10x_adc.o(.text)
    ADC_SoftwareStartConvCmd                 0x08004907   Thumb Code    22  stm32f10x_adc.o(.text)
    ADC_GetSoftwareStartConvStatus           0x0800491d   Thumb Code    20  stm32f10x_adc.o(.text)
    ADC_DiscModeChannelCountConfig           0x08004931   Thumb Code    24  stm32f10x_adc.o(.text)
    ADC_DiscModeCmd                          0x08004949   Thumb Code    22  stm32f10x_adc.o(.text)
    ADC_RegularChannelConfig                 0x0800495f   Thumb Code   184  stm32f10x_adc.o(.text)
    ADC_ExternalTrigConvCmd                  0x08004a17   Thumb Code    22  stm32f10x_adc.o(.text)
    ADC_GetConversionValue                   0x08004a2d   Thumb Code     8  stm32f10x_adc.o(.text)
    ADC_GetDualModeConversionValue           0x08004a35   Thumb Code     8  stm32f10x_adc.o(.text)
    ADC_AutoInjectedConvCmd                  0x08004a3d   Thumb Code    22  stm32f10x_adc.o(.text)
    ADC_InjectedDiscModeCmd                  0x08004a53   Thumb Code    22  stm32f10x_adc.o(.text)
    ADC_ExternalTrigInjectedConvConfig       0x08004a69   Thumb Code    16  stm32f10x_adc.o(.text)
    ADC_ExternalTrigInjectedConvCmd          0x08004a79   Thumb Code    22  stm32f10x_adc.o(.text)
    ADC_SoftwareStartInjectedConvCmd         0x08004a8f   Thumb Code    22  stm32f10x_adc.o(.text)
    ADC_GetSoftwareStartInjectedConvCmdStatus 0x08004aa5   Thumb Code    20  stm32f10x_adc.o(.text)
    ADC_InjectedChannelConfig                0x08004ab9   Thumb Code   130  stm32f10x_adc.o(.text)
    ADC_InjectedSequencerLengthConfig        0x08004b3b   Thumb Code    24  stm32f10x_adc.o(.text)
    ADC_SetInjectedOffset                    0x08004b53   Thumb Code    20  stm32f10x_adc.o(.text)
    ADC_GetInjectedConversionValue           0x08004b67   Thumb Code    28  stm32f10x_adc.o(.text)
    ADC_AnalogWatchdogCmd                    0x08004b83   Thumb Code    16  stm32f10x_adc.o(.text)
    ADC_AnalogWatchdogThresholdsConfig       0x08004b93   Thumb Code     6  stm32f10x_adc.o(.text)
    ADC_AnalogWatchdogSingleChannelConfig    0x08004b99   Thumb Code    16  stm32f10x_adc.o(.text)
    ADC_TempSensorVrefintCmd                 0x08004ba9   Thumb Code    64  stm32f10x_adc.o(.text)
    ADC_GetFlagStatus                        0x08004be9   Thumb Code    18  stm32f10x_adc.o(.text)
    ADC_ClearFlag                            0x08004bfb   Thumb Code     6  stm32f10x_adc.o(.text)
    ADC_GetITStatus                          0x08004c01   Thumb Code    36  stm32f10x_adc.o(.text)
    ADC_ClearITPendingBit                    0x08004c25   Thumb Code    10  stm32f10x_adc.o(.text)
    __aeabi_memcpy                           0x08004c2f   Thumb Code    36  memcpya.o(.text)
    __aeabi_memcpy4                          0x08004c2f   Thumb Code     0  memcpya.o(.text)
    __aeabi_memcpy8                          0x08004c2f   Thumb Code     0  memcpya.o(.text)
    __aeabi_memset                           0x08004c53   Thumb Code    14  memseta.o(.text)
    __aeabi_memset4                          0x08004c53   Thumb Code     0  memseta.o(.text)
    __aeabi_memset8                          0x08004c53   Thumb Code     0  memseta.o(.text)
    __aeabi_memclr                           0x08004c61   Thumb Code     4  memseta.o(.text)
    __aeabi_memclr4                          0x08004c61   Thumb Code     0  memseta.o(.text)
    __aeabi_memclr8                          0x08004c61   Thumb Code     0  memseta.o(.text)
    _memset$wrapper                          0x08004c65   Thumb Code    18  memseta.o(.text)
    __aeabi_fmul                             0x08004c77   Thumb Code   100  fmul.o(.text)
    __aeabi_i2f                              0x08004cdb   Thumb Code    18  fflti.o(.text)
    __aeabi_f2iz                             0x08004ced   Thumb Code    50  ffixi.o(.text)
    __aeabi_uidiv                            0x08004d1f   Thumb Code     0  uidiv.o(.text)
    __aeabi_uidivmod                         0x08004d1f   Thumb Code    44  uidiv.o(.text)
    __I$use$fp                               0x08004d4b   Thumb Code     0  iusefp.o(.text)
    _float_round                             0x08004d4b   Thumb Code    18  fepilogue.o(.text)
    _float_epilogue                          0x08004d5d   Thumb Code    92  fepilogue.o(.text)
    __scatterload                            0x08004db9   Thumb Code    28  init.o(.text)
    __scatterload_rt2                        0x08004db9   Thumb Code     0  init.o(.text)
    __0printf$1                              0x08004ddd   Thumb Code    22  printf1.o(i.__0printf$1)
    __1printf$1                              0x08004ddd   Thumb Code     0  printf1.o(i.__0printf$1)
    __2printf                                0x08004ddd   Thumb Code     0  printf1.o(i.__0printf$1)
    __scatterload_copy                       0x08004dfd   Thumb Code    14  handlers.o(i.__scatterload_copy)
    __scatterload_null                       0x08004e0b   Thumb Code     2  handlers.o(i.__scatterload_null)
    __scatterload_zeroinit                   0x08004e0d   Thumb Code    14  handlers.o(i.__scatterload_zeroinit)
    Region$$Table$$Base                      0x08005144   Number         0  anon$$obj.o(Region$$Table)
    Region$$Table$$Limit                     0x08005164   Number         0  anon$$obj.o(Region$$Table)
    foot_l                                   0x20000000   Data           4  main.o(.data)
    enable_driver                            0x20000004   Data           1  main.o(.data)
    Cmdarrived                               0x20000005   Data           1  main.o(.data)
    indx_cnt                                 0x20000006   Data           1  main.o(.data)
    send_rad                                 0x20000007   Data           8  main.o(.data)
    SystemCoreClock                          0x20000010   Data           4  system_stm32f10x.o(.data)
    AHBPrescTable                            0x20000014   Data          16  system_stm32f10x.o(.data)
    g_Index                                  0x20000024   Data           4  can.o(.data)
    g_SubIndex                               0x20000028   Data           4  can.o(.data)
    g_ReadNodeID                             0x2000002c   Data           4  can.o(.data)
    Can_RX_STA                               0x20000030   Data           4  can.o(.data)
    Can_REC_LEN                              0x20000034   Data           1  can.o(.data)
    fished_can                               0x20000035   Data           1  can.o(.data)
    back_up_adc                              0x20000036   Data           8  can.o(.data)
    my_addr                                  0x2000003e   Data           1  can.o(.data)
    foot_total                               0x20000040   Data           4  can.o(.data)
    force_angle                              0x20000044   Data           8  can.o(.data)
    Current_um                               0x2000004c   Data           1  elmo.o(.data)
    sport_mode                               0x2000004d   Data           3  elmo.o(.data)
    Elmo_PDOCOBID                            0x20000050   Data          16  elmo.o(.data)
    Rxdcnt                                   0x20000060   Data           1  uart.o(.data)
    stata_reg                                0x20000063   Data           1  uart2.o(.data)
    data1_buf                                0x20000064   Data           7  uart2.o(.data)
    data2_buf                                0x2000006b   Data           7  uart2.o(.data)
    data3_buf                                0x20000072   Data           7  uart2.o(.data)
    data4_buf                                0x20000079   Data           7  uart2.o(.data)
    Rxdcnt2                                  0x20000080   Data           1  uart2.o(.data)
    Cmdarrived2                              0x20000081   Data           1  uart2.o(.data)
    __stdout                                 0x2000008c   Data           4  usart.o(.data)
    USART_RX_STA                             0x20000090   Data           2  usart.o(.data)
    can_Node_buff                            0x200000a8   Data         200  can.o(.bss)
    node_comm                                0x20000170   Data          24  can.o(.bss)
    buf_adc_value                            0x20000188   Data          13  can.o(.bss)
    node_communicate                         0x20000198   Data         272  elmo.o(.bss)
    elmo                                     0x200002a8   Data         408  elmo.o(.bss)
    Rxdbuf                                   0x20000440   Data         100  uart.o(.bss)
    data5_buf                                0x200004a4   Data           9  uart2.o(.bss)
    Rxdbuf2                                  0x200004ad   Data         100  uart2.o(.bss)
    __initial_sp                             0x20000920   Data           0  startup_stm32f10x_hd.o(STACK)



==============================================================================

Memory Map of the image

  Image Entry point : 0x08000131

  Load Region LR_IROM1 (Base: 0x08000000, Size: 0x0000520c, Max: 0x00080000, ABSOLUTE)

    Execution Region ER_IROM1 (Base: 0x08000000, Size: 0x00005164, Max: 0x00080000, ABSOLUTE)

    Base Addr    Size         Type   Attr      Idx    E Section Name        Object

    0x08000000   0x00000130   Data   RO          457    RESET               startup_stm32f10x_hd.o
    0x08000130   0x00000000   Code   RO          553  * .ARM.Collect$$$$00000000  mc_w.l(entry.o)
    0x08000130   0x00000004   Code   RO          829    .ARM.Collect$$$$00000001  mc_w.l(entry2.o)
    0x08000134   0x00000004   Code   RO          832    .ARM.Collect$$$$00000004  mc_w.l(entry5.o)
    0x08000138   0x00000000   Code   RO          834    .ARM.Collect$$$$00000008  mc_w.l(entry7b.o)
    0x08000138   0x00000000   Code   RO          836    .ARM.Collect$$$$0000000A  mc_w.l(entry8b.o)
    0x08000138   0x00000008   Code   RO          837    .ARM.Collect$$$$0000000B  mc_w.l(entry9a.o)
    0x08000140   0x00000000   Code   RO          839    .ARM.Collect$$$$0000000D  mc_w.l(entry10a.o)
    0x08000140   0x00000000   Code   RO          841    .ARM.Collect$$$$0000000F  mc_w.l(entry11a.o)
    0x08000140   0x00000004   Code   RO          830    .ARM.Collect$$$$00002712  mc_w.l(entry2.o)
    0x08000144   0x000000d0   Code   RO            1    .text               main.o
    0x08000214   0x0000001a   Code   RO          109    .text               stm32f10x_it.o
    0x0800022e   0x00000002   PAD
    0x08000230   0x000001e0   Code   RO          147    .text               system_stm32f10x.o
    0x08000410   0x000004a0   Code   RO          259    .text               can.o
    0x080008b0   0x0000101e   Code   RO          283    .text               elmo.o
    0x080018ce   0x00000002   PAD
    0x080018d0   0x00000490   Code   RO          307    .text               uart.o
    0x08001d60   0x00000120   Code   RO          351    .text               adc.o
    0x08001e80   0x000003a4   Code   RO          367    .text               uart2.o
    0x08002224   0x000000d4   Code   RO          395    .text               delay.o
    0x080022f8   0x0000000c   Code   RO          409    .text               sys.o
    0x08002304   0x000000c8   Code   RO          421    .text               usart.o
    0x080023cc   0x00000024   Code   RO          458    .text               startup_stm32f10x_hd.o
    0x080023f0   0x000000dc   Code   RO          462    .text               misc.o
    0x080024cc   0x0000035c   Code   RO          474    .text               stm32f10x_gpio.o
    0x08002828   0x000003a4   Code   RO          486    .text               stm32f10x_rcc.o
    0x08002bcc   0x000009f0   Code   RO          500    .text               stm32f10x_can.o
    0x080035bc   0x00000408   Code   RO          512    .text               stm32f10x_usart.o
    0x080039c4   0x00000e1a   Code   RO          524    .text               stm32f10x_tim.o
    0x080047de   0x00000002   PAD
    0x080047e0   0x0000044e   Code   RO          536    .text               stm32f10x_adc.o
    0x08004c2e   0x00000024   Code   RO          556    .text               mc_w.l(memcpya.o)
    0x08004c52   0x00000024   Code   RO          558    .text               mc_w.l(memseta.o)
    0x08004c76   0x00000064   Code   RO          823    .text               mf_w.l(fmul.o)
    0x08004cda   0x00000012   Code   RO          825    .text               mf_w.l(fflti.o)
    0x08004cec   0x00000032   Code   RO          827    .text               mf_w.l(ffixi.o)
    0x08004d1e   0x0000002c   Code   RO          843    .text               mc_w.l(uidiv.o)
    0x08004d4a   0x00000000   Code   RO          847    .text               mc_w.l(iusefp.o)
    0x08004d4a   0x0000006e   Code   RO          848    .text               mf_w.l(fepilogue.o)
    0x08004db8   0x00000024   Code   RO          860    .text               mc_w.l(init.o)
    0x08004ddc   0x00000020   Code   RO          607    i.__0printf$1       mc_w.l(printf1.o)
    0x08004dfc   0x0000000e   Code   RO          872    i.__scatterload_copy  mc_w.l(handlers.o)
    0x08004e0a   0x00000002   Code   RO          873    i.__scatterload_null  mc_w.l(handlers.o)
    0x08004e0c   0x0000000e   Code   RO          874    i.__scatterload_zeroinit  mc_w.l(handlers.o)
    0x08004e1a   0x00000002   PAD
    0x08004e1c   0x00000154   Code   RO          614    i._printf_core      mc_w.l(printf1.o)
    0x08004f70   0x000001d4   Data   RO          285    .constdata          elmo.o
    0x08005144   0x00000020   Data   RO          870    Region$$Table       anon$$obj.o


    Execution Region RW_IRAM1 (Base: 0x20000000, Size: 0x00000920, Max: 0x00010000, ABSOLUTE)

    Base Addr    Size         Type   Attr      Idx    E Section Name        Object

    0x20000000   0x0000000f   Data   RW            3    .data               main.o
    0x2000000f   0x00000001   PAD
    0x20000010   0x00000014   Data   RW          148    .data               system_stm32f10x.o
    0x20000024   0x00000028   Data   RW          261    .data               can.o
    0x2000004c   0x00000014   Data   RW          286    .data               elmo.o
    0x20000060   0x00000003   Data   RW          309    .data               uart.o
    0x20000063   0x00000023   Data   RW          369    .data               uart2.o
    0x20000086   0x00000004   Data   RW          396    .data               delay.o
    0x2000008a   0x00000002   PAD
    0x2000008c   0x00000006   Data   RW          423    .data               usart.o
    0x20000092   0x00000014   Data   RW          487    .data               stm32f10x_rcc.o
    0x200000a6   0x00000002   PAD
    0x200000a8   0x000000ed   Zero   RW          260    .bss                can.o
    0x20000195   0x00000003   PAD
    0x20000198   0x000002a8   Zero   RW          284    .bss                elmo.o
    0x20000440   0x00000064   Zero   RW          308    .bss                uart.o
    0x200004a4   0x0000007a   Zero   RW          368    .bss                uart2.o
    0x2000051e   0x00000002   PAD
    0x20000520   0x00000400   Zero   RW          455    STACK               startup_stm32f10x_hd.o


==============================================================================

Image component sizes


      Code (inc. data)   RO Data    RW Data    ZI Data      Debug   Object Name

       288         14          0          0          0       1203   adc.o
      1184         56          0         40        237       6318   can.o
         0          0          0          0          0         32   core_cm3.o
       212         18          0          4          0       1087   delay.o
      4126        160        468         20        680      10646   elmo.o
         0          0          0          0          0     222220   led.o
       208         14          0         15          0     243688   main.o
       220         22          0          0          0       1873   misc.o
        36          8        304          0       1024        808   startup_stm32f10x_hd.o
      1102         26          0          0          0      10905   stm32f10x_adc.o
      2544         38          0          0          0       7924   stm32f10x_can.o
       860         38          0          0          0       5717   stm32f10x_gpio.o
        26          0          0          0          0       1226   stm32f10x_it.o
       932         36          0         20          0       8920   stm32f10x_rcc.o
      3610         88          0          0          0      22200   stm32f10x_tim.o
      1032         22          0          0          0       8440   stm32f10x_usart.o
        12          0          0          0          0        485   sys.o
       480         38          0         20          0      45499   system_stm32f10x.o
      1168        166          0          3        100       3805   uart.o
       932         70          0         35        122       4337   uart2.o
       200         12          0          6          0       3032   usart.o

    ----------------------------------------------------------------------
     19178        826        804        168       2168     610365   Object Totals
         0          0         32          0          0          0   (incl. Generated)
         6          0          0          5          5          0   (incl. Padding)

    ----------------------------------------------------------------------

      Code (inc. data)   RO Data    RW Data    ZI Data      Debug   Library Member Name

         0          0          0          0          0          0   entry.o
         0          0          0          0          0          0   entry10a.o
         0          0          0          0          0          0   entry11a.o
         8          4          0          0          0          0   entry2.o
         4          0          0          0          0          0   entry5.o
         0          0          0          0          0          0   entry7b.o
         0          0          0          0          0          0   entry8b.o
         8          4          0          0          0          0   entry9a.o
        30          0          0          0          0          0   handlers.o
        36          8          0          0          0         68   init.o
         0          0          0          0          0          0   iusefp.o
        36          0          0          0          0         68   memcpya.o
        36          0          0          0          0        108   memseta.o
       372         14          0          0          0        184   printf1.o
        44          0          0          0          0         80   uidiv.o
       110          0          0          0          0        168   fepilogue.o
        50          0          0          0          0         68   ffixi.o
        18          0          0          0          0         68   fflti.o
       100          0          0          0          0         76   fmul.o

    ----------------------------------------------------------------------
       854         30          0          0          0        888   Library Totals
         2          0          0          0          0          0   (incl. Padding)

    ----------------------------------------------------------------------

      Code (inc. data)   RO Data    RW Data    ZI Data      Debug   Library Name

       574         30          0          0          0        508   mc_w.l
       278          0          0          0          0        380   mf_w.l

    ----------------------------------------------------------------------
       854         30          0          0          0        888   Library Totals

    ----------------------------------------------------------------------

==============================================================================


      Code (inc. data)   RO Data    RW Data    ZI Data      Debug   

     20032        856        804        168       2168     609429   Grand Totals
     20032        856        804        168       2168     609429   ELF Image Totals
     20032        856        804        168          0          0   ROM Totals

==============================================================================

    Total RO  Size (Code + RO Data)                20836 (  20.35kB)
    Total RW  Size (RW Data + ZI Data)              2336 (   2.28kB)
    Total ROM Size (Code + RO Data + RW Data)      21004 (  20.51kB)

==============================================================================

